Product: MDK-ARM Standard 5.10
Component: ARM Compiler 5.04 update 1 (build 49)
Tool: armlink [5040049]

==============================================================================

Section Cross References

    main.o(.text) refers to _printf_percent.o(.ARM.Collect$$_printf_percent$$00000000) for _printf_percent
    main.o(.text) refers to _printf_f.o(.ARM.Collect$$_printf_percent$$00000003) for _printf_f
    main.o(.text) refers to printf1.o(x$fpl$printf1) for _printf_fp_dec
    main.o(.text) refers to misc.o(.text) for NVIC_PriorityGroupConfig
    main.o(.text) refers to led.o(.text) for LED_Init
    main.o(.text) refers to delay.o(.text) for delay_init
    main.o(.text) refers to timer.o(.text) for Timer2_Init
    main.o(.text) refers to usart.o(.text) for uart_init
    main.o(.text) refers to oled.o(.text) for OLED_Init
    main.o(.text) refers to hc_sr04.o(.text) for HC_SR04_Init
    main.o(.text) refers to f2d.o(x$fpl$f2d) for __aeabi_f2d
    main.o(.text) refers to noretval__2printf.o(.text) for __2printf
    main.o(.text) refers to show.o(.text) for oled_show
    main.o(.text) refers to main.o(.data) for length
    system_stm32f10x.o(.text) refers to system_stm32f10x.o(.data) for SystemCoreClock
    delay.o(.text) refers to misc.o(.text) for SysTick_CLKSourceConfig
    delay.o(.text) refers to system_stm32f10x.o(.data) for SystemCoreClock
    delay.o(.text) refers to delay.o(.data) for fac_us
    usart.o(.text) refers (Special) to use_no_semi_2.o(.text) for __use_no_semihosting
    usart.o(.text) refers to stm32f10x_rcc.o(.text) for RCC_APB2PeriphClockCmd
    usart.o(.text) refers to stm32f10x_gpio.o(.text) for GPIO_Init
    usart.o(.text) refers to misc.o(.text) for NVIC_Init
    usart.o(.text) refers to stm32f10x_usart.o(.text) for USART_Init
    usart.o(.text) refers to usart.o(.data) for USART_RX_STA
    usart.o(.text) refers to usart.o(.bss) for USART_RX_BUF
    usart.o(.bss) refers (Special) to use_no_semi_2.o(.text) for __use_no_semihosting
    usart.o(.data) refers (Special) to use_no_semi_2.o(.text) for __use_no_semihosting
    startup_stm32f10x_hd.o(STACK) refers (Special) to heapauxi.o(.text) for __use_two_region_memory
    startup_stm32f10x_hd.o(HEAP) refers (Special) to heapauxi.o(.text) for __use_two_region_memory
    startup_stm32f10x_hd.o(RESET) refers (Special) to heapauxi.o(.text) for __use_two_region_memory
    startup_stm32f10x_hd.o(RESET) refers to startup_stm32f10x_hd.o(STACK) for __initial_sp
    startup_stm32f10x_hd.o(RESET) refers to startup_stm32f10x_hd.o(.text) for Reset_Handler
    startup_stm32f10x_hd.o(RESET) refers to stm32f10x_it.o(.text) for NMI_Handler
    startup_stm32f10x_hd.o(RESET) refers to hc_sr04.o(.text) for TIM2_IRQHandler
    startup_stm32f10x_hd.o(RESET) refers to usart.o(.text) for USART1_IRQHandler
    startup_stm32f10x_hd.o(.text) refers (Special) to heapauxi.o(.text) for __use_two_region_memory
    startup_stm32f10x_hd.o(.text) refers to system_stm32f10x.o(.text) for SystemInit
    startup_stm32f10x_hd.o(.text) refers to __main.o(!!!main) for __main
    startup_stm32f10x_hd.o(.text) refers to startup_stm32f10x_hd.o(HEAP) for Heap_Mem
    startup_stm32f10x_hd.o(.text) refers to startup_stm32f10x_hd.o(STACK) for Stack_Mem
    stm32f10x_adc.o(.text) refers to stm32f10x_rcc.o(.text) for RCC_APB2PeriphResetCmd
    stm32f10x_bkp.o(.text) refers to stm32f10x_rcc.o(.text) for RCC_BackupResetCmd
    stm32f10x_can.o(.text) refers to stm32f10x_rcc.o(.text) for RCC_APB1PeriphResetCmd
    stm32f10x_cec.o(.text) refers to stm32f10x_rcc.o(.text) for RCC_APB1PeriphResetCmd
    stm32f10x_dac.o(.text) refers to stm32f10x_rcc.o(.text) for RCC_APB1PeriphResetCmd
    stm32f10x_gpio.o(.text) refers to stm32f10x_rcc.o(.text) for RCC_APB2PeriphResetCmd
    stm32f10x_i2c.o(.text) refers to stm32f10x_rcc.o(.text) for RCC_APB1PeriphResetCmd
    stm32f10x_pwr.o(.text) refers to stm32f10x_rcc.o(.text) for RCC_APB1PeriphResetCmd
    stm32f10x_rcc.o(.text) refers to stm32f10x_rcc.o(.data) for APBAHBPrescTable
    stm32f10x_spi.o(.text) refers to stm32f10x_rcc.o(.text) for RCC_APB2PeriphResetCmd
    stm32f10x_tim.o(.text) refers to stm32f10x_rcc.o(.text) for RCC_APB2PeriphResetCmd
    stm32f10x_usart.o(.text) refers to stm32f10x_rcc.o(.text) for RCC_APB2PeriphResetCmd
    stm32f10x_wwdg.o(.text) refers to stm32f10x_rcc.o(.text) for RCC_APB1PeriphResetCmd
    led.o(.text) refers to stm32f10x_rcc.o(.text) for RCC_APB2PeriphClockCmd
    led.o(.text) refers to stm32f10x_gpio.o(.text) for GPIO_Init
    hc_sr04.o(.text) refers to stm32f10x_rcc.o(.text) for RCC_APB2PeriphClockCmd
    hc_sr04.o(.text) refers to stm32f10x_gpio.o(.text) for GPIO_Init
    hc_sr04.o(.text) refers to delay.o(.text) for delay_us
    hc_sr04.o(.text) refers to stm32f10x_tim.o(.text) for TIM_Cmd
    hc_sr04.o(.text) refers to dflt_clz.o(x$fpl$dflt) for __aeabi_i2d
    hc_sr04.o(.text) refers to ddiv.o(x$fpl$ddiv) for __aeabi_ddiv
[...]
    ../clib/angel/boardlib.s                 0x00000000   Number         0  boardshut.o ABSOLUTE
    ../clib/angel/boardlib.s                 0x00000000   Number         0  boardinit2.o ABSOLUTE
    ../clib/angel/boardlib.s                 0x00000000   Number         0  boardinit3.o ABSOLUTE
    ../clib/angel/dczerorl2.s                0x00000000   Number         0  __dczerorl2.o ABSOLUTE
    ../clib/angel/handlers.s                 0x00000000   Number         0  __scatter_zi.o ABSOLUTE
    ../clib/angel/kernel.s                   0x00000000   Number         0  rtexit2.o ABSOLUTE
    ../clib/angel/kernel.s                   0x00000000   Number         0  rtentry4.o ABSOLUTE
    ../clib/angel/kernel.s                   0x00000000   Number         0  rtexit.o ABSOLUTE
    ../clib/angel/kernel.s                   0x00000000   Number         0  rtentry.o ABSOLUTE
    ../clib/angel/kernel.s                   0x00000000   Number         0  rtentry2.o ABSOLUTE
    ../clib/angel/rt.s                       0x00000000   Number         0  rt_locale.o ABSOLUTE
    ../clib/angel/rt.s                       0x00000000   Number         0  rt_locale_intlibspace.o ABSOLUTE
    ../clib/angel/rt.s                       0x00000000   Number         0  rt_raise.o ABSOLUTE
    ../clib/angel/scatter.s                  0x00000000   Number         0  __scatter.o ABSOLUTE
    ../clib/angel/startup.s                  0x00000000   Number         0  __main.o ABSOLUTE
    ../clib/angel/sys.s                      0x00000000   Number         0  sys_stackheap_outer.o ABSOLUTE
    ../clib/angel/sys.s                      0x00000000   Number         0  use_no_semi.o ABSOLUTE
    ../clib/angel/sys.s                      0x00000000   Number         0  libspace.o ABSOLUTE
    ../clib/angel/sys.s                      0x00000000   Number         0  indicate_semi.o ABSOLUTE
    ../clib/angel/sys.s                      0x00000000   Number         0  use_no_semi_2.o ABSOLUTE
    ../clib/angel/sysapp.c                   0x00000000   Number         0  sys_command.o ABSOLUTE
    ../clib/angel/sysapp.c                   0x00000000   Number         0  sys_wrch.o ABSOLUTE
    ../clib/armsys.c                         0x00000000   Number         0  _get_argv_nomalloc.o ABSOLUTE
    ../clib/armsys.c                         0x00000000   Number         0  argv_veneer.o ABSOLUTE
    ../clib/armsys.c                         0x00000000   Number         0  no_argv.o ABSOLUTE
    ../clib/armsys.c                         0x00000000   Number         0  argv_veneer.o ABSOLUTE
    ../clib/bigflt.c                         0x00000000   Number         0  bigflt0.o ABSOLUTE
    ../clib/btod.s                           0x00000000   Number         0  btod.o ABSOLUTE
    ../clib/heapalloc.c                      0x00000000   Number         0  hrguard.o ABSOLUTE
    ../clib/heapaux.c                        0x00000000   Number         0  heapauxi.o ABSOLUTE
    ../clib/libinit.s                        0x00000000   Number         0  libshutdown.o ABSOLUTE
    ../clib/libinit.s                        0x00000000   Number         0  libinit2.o ABSOLUTE
    ../clib/libinit.s                        0x00000000   Number         0  libshutdown2.o ABSOLUTE
    ../clib/libinit.s                        0x00000000   Number         0  libinit.o ABSOLUTE
    ../clib/locale.s                         0x00000000   Number         0  lc_numeric_c.o ABSOLUTE
    ../clib/longlong.s                       0x00000000   Number         0  lludiv10.o ABSOLUTE
    ../clib/memcpset.s                       0x00000000   Number         0  strcmpv7m.o ABSOLUTE
    ../clib/misc.s                           0x00000000   Number         0  printf_stubs.o ABSOLUTE
    ../clib/printf.c                         0x00000000   Number         0  __printf_flags_ss_wp.o ABSOLUTE
    ../clib/printf.c                         0x00000000   Number         0  __printf_ss_wp.o ABSOLUTE
    ../clib/printf.c                         0x00000000   Number         0  __printf_flags_wp.o ABSOLUTE
    ../clib/printf.c                         0x00000000   Number         0  __printf_wp.o ABSOLUTE
    ../clib/printf.c                         0x00000000   Number         0  __printf_flags_ss.o ABSOLUTE
    ../clib/printf.c                         0x00000000   Number         0  __printf_ss.o ABSOLUTE
    ../clib/printf.c                         0x00000000   Number         0  __printf_flags.o ABSOLUTE
    ../clib/printf.c                         0x00000000   Number         0  _printf_fp_dec.o ABSOLUTE
    ../clib/printf.c                         0x00000000   Number         0  __2printf.o ABSOLUTE
    ../clib/printf.c                         0x00000000   Number         0  __printf.o ABSOLUTE
    ../clib/printf.c                         0x00000000   Number         0  noretval__2printf.o ABSOLUTE
    ../clib/printf.c                         0x00000000   Number         0  _printf_char_common.o ABSOLUTE
    ../clib/printf.c                         0x00000000   Number         0  _printf_fp_infnan.o ABSOLUTE
    ../clib/printf.c                         0x00000000   Number         0  _printf_char_file.o ABSOLUTE
    ../clib/printf.c                         0x00000000   Number         0  __printf_nopercent.o ABSOLUTE
    ../clib/printf_percent.s                 0x00000000   Number         0  _printf_f.o ABSOLUTE
    ../clib/printf_percent.s                 0x00000000   Number         0  _printf_percent.o ABSOLUTE
    ../clib/printf_percent.s                 0x00000000   Number         0  _printf_percent_end.o ABSOLUTE
    ../clib/signal.c                         0x00000000   Number         0  defsig_abrt_inner.o ABSOLUTE
    ../clib/signal.c                         0x00000000   Number         0  defsig_fpe_inner.o ABSOLUTE
    ../clib/signal.c                         0x00000000   Number         0  defsig_rtred_inner.o ABSOLUTE
    ../clib/signal.c                         0x00000000   Number         0  defsig_stak_inner.o ABSOLUTE
    ../clib/signal.c                         0x00000000   Number         0  __raise.o ABSOLUTE
    ../clib/signal.c                         0x00000000   Number         0  defsig_rtmem_formal.o ABSOLUTE
    ../clib/signal.c                         0x00000000   Number         0  defsig_rtmem_outer.o ABSOLUTE
    ../clib/signal.c                         0x00000000   Number         0  defsig_pvfn_inner.o ABSOLUTE
    ../clib/signal.c                         0x00000000   Number         0  defsig_cppl_inner.o ABSOLUTE
    ../clib/signal.c                         0x00000000   Number         0  defsig_segv_inner.o ABSOLUTE
    ../clib/signal.c                         0x00000000   Number         0  defsig_rtmem_inner.o ABSOLUTE
    ../clib/signal.c                         0x00000000   Number         0  defsig_other.o ABSOLUTE
    ../clib/signal.c                         0x00000000   Number         0  defsig_general.o ABSOLUTE
    ../clib/signal.c                         0x00000000   Number         0  defsig_exit.o ABSOLUTE
    ../clib/signal.s                         0x00000000   Number         0  defsig.o ABSOLUTE
    ../clib/stdio.c                          0x00000000   Number         0  ferror.o ABSOLUTE
    ../clib/stdio.c                          0x00000000   Number         0  ferror_locked.o ABSOLUTE
    ../clib/stdlib.c                         0x00000000   Number         0  exit.o ABSOLUTE
    ../fplib/d2f.s                           0x00000000   Number         0  d2f.o ABSOLUTE
    ../fplib/ddiv.s                          0x00000000   Number         0  ddiv.o ABSOLUTE
    ../fplib/dflt.s                          0x00000000   Number         0  dflt_clz.o ABSOLUTE
    ../fplib/dnaninf.s                       0x00000000   Number         0  dnaninf.o ABSOLUTE
    ../fplib/dretinf.s                       0x00000000   Number         0  dretinf.o ABSOLUTE
    ../fplib/f2d.s                           0x00000000   Number         0  f2d.o ABSOLUTE
    ../fplib/faddsub.s                       0x00000000   Number         0  faddsub_clz.o ABSOLUTE
    ../fplib/fdiv.s                          0x00000000   Number         0  fdiv.o ABSOLUTE
    ../fplib/ffix.s                          0x00000000   Number         0  ffix.o ABSOLUTE
    ../fplib/ffixu.s                         0x00000000   Number         0  ffixu.o ABSOLUTE
    ../fplib/fflt.s                          0x00000000   Number         0  fflt_clz.o ABSOLUTE
    ../fplib/fmul.s                          0x00000000   Number         0  fmul.o ABSOLUTE
    ../fplib/fnaninf.s                       0x00000000   Number         0  fnaninf.o ABSOLUTE
    ../fplib/fpinit.s                        0x00000000   Number         0  fpinit.o ABSOLUTE
    ../fplib/fretinf.s                       0x00000000   Number         0  fretinf.o ABSOLUTE
    ../fplib/istatus.s                       0x00000000   Number         0  istatus.o ABSOLUTE
    ../fplib/printf1.s                       0x00000000   Number         0  printf1.o ABSOLUTE
    ../fplib/usenofp.s                       0x00000000   Number         0  usenofp.o ABSOLUTE
    ../mathlib/fpclassify.c                  0x00000000   Number         0  fpclassify.o ABSOLUTE
    ..\CORE\core_cm3.c                       0x00000000   Number         0  core_cm3.o ABSOLUTE
    ..\CORE\startup_stm32f10x_hd.s           0x00000000   Number         0  startup_stm32f10x_hd.o ABSOLUTE
    ..\Hrd\HC_SR04\hc_sr04.c                 0x00000000   Number         0  hc_sr04.o ABSOLUTE
    ..\Hrd\LED\led.c                         0x00000000   Number         0  led.o ABSOLUTE
    ..\Hrd\OLED\oled.c                       0x00000000   Number         0  oled.o ABSOLUTE
    ..\Hrd\SHOW\show.c                       0x00000000   Number         0  show.o ABSOLUTE
    ..\Hrd\TIMER\Timer.c                     0x00000000   Number         0  timer.o ABSOLUTE
    ..\STM32F10x_FWLib\src\misc.c            0x00000000   Number         0  misc.o ABSOLUTE
    ..\STM32F10x_FWLib\src\stm32f10x_adc.c   0x00000000   Number         0  stm32f10x_adc.o ABSOLUTE
    ..\STM32F10x_FWLib\src\stm32f10x_bkp.c   0x00000000   Number         0  stm32f10x_bkp.o ABSOLUTE
    ..\STM32F10x_FWLib\src\stm32f10x_can.c   0x00000000   Number         0  stm32f10x_can.o ABSOLUTE
    ..\STM32F10x_FWLib\src\stm32f10x_cec.c   0x00000000   Number         0  stm32f10x_cec.o ABSOLUTE
    ..\STM32F10x_FWLib\src\stm32f10x_crc.c   0x00000000   Number         0  stm32f10x_crc.o ABSOLUTE
    ..\STM32F10x_FWLib\src\stm32f10x_dac.c   0x00000000   Number         0  stm32f10x_dac.o ABSOLUTE
    ..\STM32F10x_FWLib\src\stm32f10x_dbgmcu.c 0x00000000   Number         0  stm32f10x_dbgmcu.o ABSOLUTE
    ..\STM32F10x_FWLib\src\stm32f10x_dma.c   0x00000000   Number         0  stm32f10x_dma.o ABSOLUTE
    ..\STM32F10x_FWLib\src\stm32f10x_exti.c  0x00000000   Number         0  stm32f10x_exti.o ABSOLUTE
    ..\STM32F10x_FWLib\src\stm32f10x_flash.c 0x00000000   Number         0  stm32f10x_flash.o ABSOLUTE
    ..\STM32F10x_FWLib\src\stm32f10x_fsmc.c  0x00000000   Number         0  stm32f10x_fsmc.o ABSOLUTE
    ..\STM32F10x_FWLib\src\stm32f10x_gpio.c  0x00000000   Number         0  stm32f10x_gpio.o ABSOLUTE
    ..\STM32F10x_FWLib\src\stm32f10x_i2c.c   0x00000000   Number         0  stm32f10x_i2c.o ABSOLUTE
    ..\STM32F10x_FWLib\src\stm32f10x_iwdg.c  0x00000000   Number         0  stm32f10x_iwdg.o ABSOLUTE
    ..\STM32F10x_FWLib\src\stm32f10x_pwr.c   0x00000000   Number         0  stm32f10x_pwr.o ABSOLUTE
    ..\STM32F10x_FWLib\src\stm32f10x_rcc.c   0x00000000   Number         0  stm32f10x_rcc.o ABSOLUTE
    ..\STM32F10x_FWLib\src\stm32f10x_rtc.c   0x00000000   Number         0  stm32f10x_rtc.o ABSOLUTE
    ..\STM32F10x_FWLib\src\stm32f10x_sdio.c  0x00000000   Number         0  stm32f10x_sdio.o ABSOLUTE
    ..\STM32F10x_FWLib\src\stm32f10x_spi.c   0x00000000   Number         0  stm32f10x_spi.o ABSOLUTE
    ..\STM32F10x_FWLib\src\stm32f10x_tim.c   0x00000000   Number         0  stm32f10x_tim.o ABSOLUTE
    ..\STM32F10x_FWLib\src\stm32f10x_usart.c 0x00000000   Number         0  stm32f10x_usart.o ABSOLUTE
    ..\STM32F10x_FWLib\src\stm32f10x_wwdg.c  0x00000000   Number         0  stm32f10x_wwdg.o ABSOLUTE
    ..\SYSTEM\delay\delay.c                  0x00000000   Number         0  delay.o ABSOLUTE
    ..\SYSTEM\sys\sys.c                      0x00000000   Number         0  sys.o ABSOLUTE
    ..\SYSTEM\usart\usart.c                  0x00000000   Number         0  usart.o ABSOLUTE
    ..\\CORE\\core_cm3.c                     0x00000000   Number         0  core_cm3.o ABSOLUTE
    ..\\SYSTEM\\sys\\sys.c                   0x00000000   Number         0  sys.o ABSOLUTE
    dc.s                                     0x00000000   Number         0  dc.o ABSOLUTE
    main.c                                   0x00000000   Number         0  main.o ABSOLUTE
    stm32f10x_it.c                           0x00000000   Number         0  stm32f10x_it.o ABSOLUTE
    system_stm32f10x.c                       0x00000000   Number         0  system_stm32f10x.o ABSOLUTE
    RESET                                    0x08000000   Section      304  startup_stm32f10x_hd.o(RESET)
    !!!main                                  0x08000130   Section        8  __main.o(!!!main)
    !!!scatter                               0x08000138   Section       52  __scatter.o(!!!scatter)
    !!dczerorl2                              0x0800016c   Section       90  __dczerorl2.o(!!dczerorl2)
    !!handler_zi                             0x080001c8   Section       28  __scatter_zi.o(!!handler_zi)
    .ARM.Collect$$_printf_percent$$00000000  0x080001e4   Section        0  _printf_percent.o(.ARM.Collect$$_printf_percent$$00000000)
    .ARM.Collect$$_printf_percent$$00000003  0x080001e4   Section        6  _printf_f.o(.ARM.Collect$$_printf_percent$$00000003)
    .ARM.Collect$$_printf_percent$$00000017  0x080001ea   Section        4  _printf_percent_end.o(.ARM.Collect$$_printf_percent$$00000017)
    .ARM.Collect$$libinit$$00000000          0x080001ee   Section        2  libinit.o(.ARM.Collect$$libinit$$00000000)
    .ARM.Collect$$libinit$$00000002          0x080001f0   Section        0  libinit2.o(.ARM.Collect$$libinit$$00000002)
    .ARM.Collect$$libinit$$00000008          0x080001f0   Section        0  libinit2.o(.ARM.Collect$$libinit$$00000008)
    .ARM.Collect$$libinit$$0000000A          0x080001f0   Section        0  libinit2.o(.ARM.Collect$$libinit$$0000000A)
    .ARM.Collect$$libinit$$0000000C          0x080001f0   Section        0  libinit2.o(.ARM.Collect$$libinit$$0000000C)
    .ARM.Collect$$libinit$$0000000D          0x080001f0   Section        6  libinit2.o(.ARM.Collect$$libinit$$0000000D)
    .ARM.Collect$$libinit$$0000000F          0x080001f6   Section        0  libinit2.o(.ARM.Collect$$libinit$$0000000F)
    .ARM.Collect$$libinit$$00000011          0x080001f6   Section        0  libinit2.o(.ARM.Collect$$libinit$$00000011)
    .ARM.Collect$$libinit$$00000013          0x080001f6   Section        0  libinit2.o(.ARM.Collect$$libinit$$00000013)
    .ARM.Collect$$libinit$$00000014          0x080001f6   Section       10  libinit2.o(.ARM.Collect$$libinit$$00000014)
    .ARM.Collect$$libinit$$00000015          0x08000200   Section        0  libinit2.o(.ARM.Collect$$libinit$$00000015)
    .ARM.Collect$$libinit$$00000017          0x08000200   Section        0  libinit2.o(.ARM.Collect$$libinit$$00000017)
    .ARM.Collect$$libinit$$00000019          0x08000200   Section        0  libinit2.o(.ARM.Collect$$libinit$$00000019)
    .ARM.Collect$$libinit$$0000001B          0x08000200   Section        0  libinit2.o(.ARM.Collect$$libinit$$0000001B)
    .ARM.Collect$$libinit$$0000001D          0x08000200   Section        0  libinit2.o(.ARM.Collect$$libinit$$0000001D)
    .ARM.Collect$$libinit$$0000001F          0x08000200   Section        0  libinit2.o(.ARM.Collect$$libinit$$0000001F)
    .ARM.Collect$$libinit$$00000021          0x08000200   Section        0  libinit2.o(.ARM.Collect$$libinit$$00000021)
    .ARM.Collect$$libinit$$00000023          0x08000200   Section        0  libinit2.o(.ARM.Collect$$libinit$$00000023)
    .ARM.Collect$$libinit$$0000002A          0x08000200   Section        0  libinit2.o(.ARM.Collect$$libinit$$0000002A)
    .ARM.Collect$$libinit$$0000002C          0x08000200   Section        0  libinit2.o(.ARM.Collect$$libinit$$0000002C)
    .ARM.Collect$$libinit$$0000002E          0x08000200   Section        0  libinit2.o(.ARM.Collect$$libinit$$0000002E)
    .ARM.Collect$$libinit$$00000030          0x08000200   Section        0  libinit2.o(.ARM.Collect$$libinit$$00000030)
    .ARM.Collect$$libinit$$00000031          0x08000200   Section        2  libinit2.o(.ARM.Collect$$libinit$$00000031)
    .ARM.Collect$$libshutdown$$00000000      0x08000202   Section        2  libshutdown.o(.ARM.Collect$$libshutdown$$00000000)
    .ARM.Collect$$libshutdown$$00000003      0x08000204   Section        0  libshutdown2.o(.ARM.Collect$$libshutdown$$00000003)
    .ARM.Collect$$libshutdown$$00000006      0x08000204   Section        0  libshutdown2.o(.ARM.Collect$$libshutdown$$00000006)
    .ARM.Collect$$libshutdown$$00000009      0x08000204   Section        0  libshutdown2.o(.ARM.Collect$$libshutdown$$00000009)
    .ARM.Collect$$libshutdown$$0000000B      0x08000204   Section        0  libshutdown2.o(.ARM.Collect$$libshutdown$$0000000B)
    .ARM.Collect$$libshutdown$$0000000E      0x08000204   Section        0  libshutdown2.o(.ARM.Collect$$libshutdown$$0000000E)
    .ARM.Collect$$libshutdown$$0000000F      0x08000204   Section        2  libshutdown2.o(.ARM.Collect$$libshutdown$$0000000F)
    .ARM.Collect$$rtentry$$00000000          0x08000206   Section        0  rtentry.o(.ARM.Collect$$rtentry$$00000000)
    .ARM.Collect$$rtentry$$00000002          0x08000206   Section        0  rtentry2.o(.ARM.Collect$$rtentry$$00000002)
    .ARM.Collect$$rtentry$$00000004          0x08000206   Section        6  rtentry4.o(.ARM.Collect$$rtentry$$00000004)
    .ARM.Collect$$rtentry$$00000009          0x0800020c   Section        0  rtentry2.o(.ARM.Collect$$rtentry$$00000009)
    .ARM.Collect$$rtentry$$0000000A          0x0800020c   Section        4  rtentry2.o(.ARM.Collect$$rtentry$$0000000A)
    .ARM.Collect$$rtentry$$0000000C          0x08000210   Section        0  rtentry2.o(.ARM.Collect$$rtentry$$0000000C)
    .ARM.Collect$$rtentry$$0000000D          0x08000210   Section        8  rtentry2.o(.ARM.Collect$$rtentry$$0000000D)
    .ARM.Collect$$rtexit$$00000000           0x08000218   Section        2  rtexit.o(.ARM.Collect$$rtexit$$00000000)
    .ARM.Collect$$rtexit$$00000002           0x0800021a   Section        0  rtexit2.o(.ARM.Collect$$rtexit$$00000002)
    .ARM.Collect$$rtexit$$00000003           0x0800021a   Section        4  rtexit2.o(.ARM.Collect$$rtexit$$00000003)
    .ARM.Collect$$rtexit$$00000004           0x0800021e   Section        6  rtexit2.o(.ARM.Collect$$rtexit$$00000004)
    .text                                    0x08000224   Section        0  main.o(.text)
    .text                                    0x080002a0   Section        0  stm32f10x_it.o(.text)
    .text                                    0x080002bc   Section        0  system_stm32f10x.o(.text)
    SetSysClockTo72                          0x080002bd   Thumb Code   214  system_stm32f10x.o(.text)
    SetSysClock                              0x08000393   Thumb Code     8  system_stm32f10x.o(.text)
    .text                                    0x0800049c   Section        0  delay.o(.text)
    .text                                    0x08000570   Section        0  usart.o(.text)
    .text                                    0x080006b0   Section       64  startup_stm32f10x_hd.o(.text)
    .text                                    0x080006f0   Section        0  misc.o(.text)
    .text                                    0x080007cc   Section        0  stm32f10x_gpio.o(.text)
    .text                                    0x08000b28   Section        0  stm32f10x_rcc.o(.text)
    .text                                    0x08000ecc   Section        0  stm32f10x_tim.o(.text)
    TI4_Config                               0x08001373   Thumb Code   130  stm32f10x_tim.o(.text)
    TI3_Config                               0x08001407   Thumb Code   122  stm32f10x_tim.o(.text)
    TI2_Config                               0x0800149b   Thumb Code   130  stm32f10x_tim.o(.text)
    TI1_Config                               0x0800152f   Thumb Code   108  stm32f10x_tim.o(.text)
    .text                                    0x08001ce8   Section        0  stm32f10x_usart.o(.text)
    .text                                    0x080020f0   Section        0  led.o(.text)
    .text                                    0x08002140   Section        0  hc_sr04.o(.text)
    .text                                    0x08002260   Section        0  timer.o(.text)
    .text                                    0x080022c0   Section        0  oled.o(.text)
    .text                                    0x08002798   Section        0  show.o(.text)
    .text                                    0x08002834   Section        2  use_no_semi_2.o(.text)
    .text                                    0x08002838   Section        0  noretval__2printf.o(.text)
    .text                                    0x08002850   Section        0  __printf_wp.o(.text)
    .text                                    0x0800295e   Section        0  heapauxi.o(.text)
    .text                                    0x08002964   Section        2  use_no_semi.o(.text)
    .text                                    0x08002966   Section        0  _printf_fp_dec.o(.text)
    _fp_digits                               0x08002969   Thumb Code   428  _printf_fp_dec.o(.text)
    .text                                    0x08002d7c   Section        0  _printf_char_file.o(.text)
    .text                                    0x08002da0   Section        8  rt_locale_intlibspace.o(.text)
    .text                                    0x08002da8   Section      138  lludiv10.o(.text)
    .text                                    0x08002e34   Section        0  _printf_char_common.o(.text)
    _printf_input_char                       0x08002e35   Thumb Code    10  _printf_char_common.o(.text)
    .text                                    0x08002e64   Section        0  _printf_fp_infnan.o(.text)
    .text                                    0x08002ee4   Section        0  bigflt0.o(.text)
    .text                                    0x08002fbc   Section        0  ferror.o(.text)
    .text                                    0x08002fc4   Section        8  libspace.o(.text)
    .text                                    0x08002fcc   Section       74  sys_stackheap_outer.o(.text)
    .text                                    0x08003016   Section        0  exit.o(.text)
    .text                                    0x08003024   Section      128  strcmpv7m.o(.text)
    CL$$btod_d2e                             0x080030a4   Section       62  btod.o(CL$$btod_d2e)
    CL$$btod_d2e_denorm_low                  0x080030e2   Section       70  btod.o(CL$$btod_d2e_denorm_low)
    CL$$btod_d2e_norm_op1                    0x08003128   Section       96  btod.o(CL$$btod_d2e_norm_op1)
    CL$$btod_div_common                      0x08003188   Section      824  btod.o(CL$$btod_div_common)
    CL$$btod_e2e                             0x080034c0   Section      198  btod.o(CL$$btod_e2e)
    CL$$btod_ediv                            0x08003586   Section       40  btod.o(CL$$btod_ediv)
    CL$$btod_emul                            0x080035ae   Section       40  btod.o(CL$$btod_emul)
    CL$$btod_mult_common                     0x080035d6   Section      580  btod.o(CL$$btod_mult_common)
    i.__ARM_fpclassify                       0x0800381a   Section        0  fpclassify.o(i.__ARM_fpclassify)
    i._is_digit                              0x08003842   Section        0  __printf_wp.o(i._is_digit)
    locale$$code                             0x08003850   Section       44  lc_numeric_c.o(locale$$code)
    x$fpl$d2f                                0x0800387c   Section       98  d2f.o(x$fpl$d2f)
    x$fpl$ddiv                               0x080038e0   Section      688  ddiv.o(x$fpl$ddiv)
    ddiv_entry                               0x080038e7   Thumb Code     0  ddiv.o(x$fpl$ddiv)
    x$fpl$dflt                               0x08003b90   Section       46  dflt_clz.o(x$fpl$dflt)
    x$fpl$dnaninf                            0x08003bbe   Section      156  dnaninf.o(x$fpl$dnaninf)
    x$fpl$dretinf                            0x08003c5a   Section       12  dretinf.o(x$fpl$dretinf)
    x$fpl$f2d                                0x08003c68   Section       86  f2d.o(x$fpl$f2d)
    x$fpl$fadd                               0x08003cc0   Section      196  faddsub_clz.o(x$fpl$fadd)
    _fadd1                                   0x08003ccf   Thumb Code     0  faddsub_clz.o(x$fpl$fadd)
    x$fpl$fdiv                               0x08003d84   Section      388  fdiv.o(x$fpl$fdiv)
    _fdiv1                                   0x08003d85   Thumb Code     0  fdiv.o(x$fpl$fdiv)
    x$fpl$ffix                               0x08003f08   Section       54  ffix.o(x$fpl$ffix)
    x$fpl$ffixu                              0x08003f40   Section       62  ffixu.o(x$fpl$ffixu)
    x$fpl$fflt                               0x08003f80   Section       48  fflt_clz.o(x$fpl$fflt)
    x$fpl$fmul                               0x08003fb0   Section      258  fmul.o(x$fpl$fmul)
    x$fpl$fnaninf                            0x080040b2   Section      140  fnaninf.o(x$fpl$fnaninf)
    x$fpl$fretinf                            0x0800413e   Section       10  fretinf.o(x$fpl$fretinf)
    x$fpl$fsub                               0x08004148   Section      234  faddsub_clz.o(x$fpl$fsub)
    _fsub1                                   0x08004157   Thumb Code     0  faddsub_clz.o(x$fpl$fsub)
    x$fpl$printf1                            0x08004232   Section        4  printf1.o(x$fpl$printf1)
    .constdata                               0x08004236   Section     2072  oled.o(.constdata)
    x$fpl$usenofp                            0x08004236   Section        0  usenofp.o(x$fpl$usenofp)
    .constdata                               0x08004a50   Section      148  bigflt0.o(.constdata)
    tenpwrs_x                                0x08004a50   Data          60  bigflt0.o(.constdata)
    tenpwrs_i                                0x08004a8c   Data          64  bigflt0.o(.constdata)
    locale$$data                             0x08004b04   Section       28  lc_numeric_c.o(locale$$data)
    __lcnum_c_name                           0x08004b08   Data           2  lc_numeric_c.o(locale$$data)
    __lcnum_c_start                          0x08004b10   Data           0  lc_numeric_c.o(locale$$data)
    __lcnum_c_point                          0x08004b1c   Data           0  lc_numeric_c.o(locale$$data)
    __lcnum_c_thousands                      0x08004b1e   Data           0  lc_numeric_c.o(locale$$data)
    __lcnum_c_grouping                       0x08004b1f   Data           0  lc_numeric_c.o(locale$$data)
    __lcnum_c_end                            0x08004b20   Data           0  lc_numeric_c.o(locale$$data)
    .data                                    0x20000000   Section        4  main.o(.data)
    .data                                    0x20000004   Section       20  system_stm32f10x.o(.data)
    .data                                    0x20000018   Section        4  delay.o(.data)
    fac_us                                   0x20000018   Data           1  delay.o(.data)
    fac_ms                                   0x2000001a   Data           2  delay.o(.data)
    .data                                    0x2000001c   Section        6  usart.o(.data)
    .data                                    0x20000022   Section       20  stm32f10x_rcc.o(.data)
    APBAHBPrescTable                         0x20000022   Data          16  stm32f10x_rcc.o(.data)
    ADCPrescTable                            0x20000032   Data           4  stm32f10x_rcc.o(.data)
    .data                                    0x20000036   Section        1  hc_sr04.o(.data)
    .data                                    0x20000037   Section      384  oled.o(.data)
    .bss                                     0x200001b8   Section      200  usart.o(.bss)
    .bss                                     0x20000280   Section       96  libspace.o(.bss)
    HEAP                                     0x200002e0   Section      512  startup_stm32f10x_hd.o(HEAP)
    Heap_Mem                                 0x200002e0   Data         512  startup_stm32f10x_hd.o(HEAP)
    STACK                                    0x200004e0   Section     1024  startup_stm32f10x_hd.o(STACK)
    Stack_Mem                                0x200004e0   Data        1024  startup_stm32f10x_hd.o(STACK)
    __initial_sp                             0x200008e0   Data           0  startup_stm32f10x_hd.o(STACK)

    Global Symbols

    Symbol Name                              Value     Ov Type        Size  Object(Section)

    BuildAttributes$$THM_ISAv4$P$D$K$B$S$PE$A:L22UL41UL21$X:L11$S22US41US21$IEEE1$IW$USESV6$~STKCKD$USESV7$~SHL$OTIME$ROPI$IEEEJ$EBA8$UX$STANDARDLIB$REQ8$PRES8$EABIv2 0x00000000   Number         0  anon$$obj.o ABSOLUTE
    __ARM_use_no_argv                        0x00000000   Number         0  main.o ABSOLUTE
    _printf_flags                            0x00000000   Number         0  printf_stubs.o ABSOLUTE
    _printf_return_value                     0x00000000   Number         0  printf_stubs.o ABSOLUTE
    _printf_sizespec                         0x00000000   Number         0  printf_stubs.o ABSOLUTE
    _printf_widthprec                        0x00000000   Number         0  printf_stubs.o ABSOLUTE
    __ARM_exceptions_init                     - Undefined Weak Reference
    __alloca_initialize                       - Undefined Weak Reference
    __cpp_initialize__aeabi_                  - Undefined Weak Reference
    __cxa_finalize                            - Undefined Weak Reference
    __sigvec_lookup                           - Undefined Weak Reference
    _atexit_init                              - Undefined Weak Reference
    _call_atexit_fns                          - Undefined Weak Reference
    _clock_init                               - Undefined Weak Reference
    _fp_trap_init                             - Undefined Weak Reference
    _fp_trap_shutdown                         - Undefined Weak Reference
    _get_lc_collate                           - Undefined Weak Reference
    _get_lc_ctype                             - Undefined Weak Reference
    _get_lc_monetary                          - Undefined Weak Reference
    _get_lc_time                              - Undefined Weak Reference
    _getenv_init                              - Undefined Weak Reference
    _handle_redirection                       - Undefined Weak Reference
    _init_alloc                               - Undefined Weak Reference
    _init_user_alloc                          - Undefined Weak Reference
    _initio                                   - Undefined Weak Reference
    _mutex_acquire                            - Undefined Weak Reference
    _mutex_release                            - Undefined Weak Reference
    _printf_post_padding                      - Undefined Weak Reference
    _printf_pre_padding                       - Undefined Weak Reference
    _rand_init                                - Undefined Weak Reference
    _signal_finish                            - Undefined Weak Reference
    _signal_init                              - Undefined Weak Reference
    _terminate_alloc                          - Undefined Weak Reference
    _terminate_user_alloc                     - Undefined Weak Reference
    _terminateio                              - Undefined Weak Reference
    __Vectors_Size                           0x00000130   Number         0  startup_stm32f10x_hd.o ABSOLUTE
    __Vectors                                0x08000000   Data           4  startup_stm32f10x_hd.o(RESET)
    __Vectors_End                            0x08000130   Data           0  startup_stm32f10x_hd.o(RESET)
    __main                                   0x08000131   Thumb Code     8  __main.o(!!!main)
    __scatterload                            0x08000139   Thumb Code     0  __scatter.o(!!!scatter)
    __scatterload_rt2                        0x08000139   Thumb Code    44  __scatter.o(!!!scatter)
    __scatterload_rt2_thumb_only             0x08000139   Thumb Code     0  __scatter.o(!!!scatter)
    __scatterload_null                       0x08000147   Thumb Code     0  __scatter.o(!!!scatter)
    __decompress                             0x0800016d   Thumb Code    90  __dczerorl2.o(!!dczerorl2)
    __decompress1                            0x0800016d   Thumb Code     0  __dczerorl2.o(!!dczerorl2)
    __scatterload_zeroinit                   0x080001c9   Thumb Code    28  __scatter_zi.o(!!handler_zi)
    _printf_f                                0x080001e5   Thumb Code     0  _printf_f.o(.ARM.Collect$$_printf_percent$$00000003)
    _printf_percent                          0x080001e5   Thumb Code     0  _printf_percent.o(.ARM.Collect$$_printf_percent$$00000000)
    _printf_percent_end                      0x080001eb   Thumb Code     0  _printf_percent_end.o(.ARM.Collect$$_printf_percent$$00000017)
    __rt_lib_init                            0x080001ef   Thumb Code     0  libinit.o(.ARM.Collect$$libinit$$00000000)
    __rt_lib_init_fp_1                       0x080001f1   Thumb Code     0  libinit2.o(.ARM.Collect$$libinit$$00000002)
    __rt_lib_init_heap_1                     0x080001f1   Thumb Code     0  libinit2.o(.ARM.Collect$$libinit$$00000008)
    __rt_lib_init_lc_common                  0x080001f1   Thumb Code     0  libinit2.o(.ARM.Collect$$libinit$$0000000D)
    __rt_lib_init_rand_1                     0x080001f1   Thumb Code     0  libinit2.o(.ARM.Collect$$libinit$$0000000C)
    __rt_lib_init_user_alloc_1               0x080001f1   Thumb Code     0  libinit2.o(.ARM.Collect$$libinit$$0000000A)
    __rt_lib_init_lc_collate_1               0x080001f7   Thumb Code     0  libinit2.o(.ARM.Collect$$libinit$$0000000F)
    __rt_lib_init_lc_ctype_1                 0x080001f7   Thumb Code     0  libinit2.o(.ARM.Collect$$libinit$$00000011)
    __rt_lib_init_lc_monetary_1              0x080001f7   Thumb Code     0  libinit2.o(.ARM.Collect$$libinit$$00000013)
    __rt_lib_init_lc_numeric_2               0x080001f7   Thumb Code     0  libinit2.o(.ARM.Collect$$libinit$$00000014)
    __rt_lib_init_alloca_1                   0x08000201   Thumb Code     0  libinit2.o(.ARM.Collect$$libinit$$0000002C)
    __rt_lib_init_argv_1                     0x08000201   Thumb Code     0  libinit2.o(.ARM.Collect$$libinit$$0000002A)
    __rt_lib_init_atexit_1                   0x08000201   Thumb Code     0  libinit2.o(.ARM.Collect$$libinit$$00000019)
    __rt_lib_init_clock_1                    0x08000201   Thumb Code     0  libinit2.o(.ARM.Collect$$libinit$$0000001F)
    __rt_lib_init_cpp_1                      0x08000201   Thumb Code     0  libinit2.o(.ARM.Collect$$libinit$$00000030)
    __rt_lib_init_exceptions_1               0x08000201   Thumb Code     0  libinit2.o(.ARM.Collect$$libinit$$0000002E)
    __rt_lib_init_fp_trap_1                  0x08000201   Thumb Code     0  libinit2.o(.ARM.Collect$$libinit$$0000001D)
    __rt_lib_init_getenv_1                   0x08000201   Thumb Code     0  libinit2.o(.ARM.Collect$$libinit$$00000021)
    __rt_lib_init_lc_numeric_1               0x08000201   Thumb Code     0  libinit2.o(.ARM.Collect$$libinit$$00000015)
    __rt_lib_init_lc_time_1                  0x08000201   Thumb Code     0  libinit2.o(.ARM.Collect$$libinit$$00000017)
    __rt_lib_init_return                     0x08000201   Thumb Code     0  libinit2.o(.ARM.Collect$$libinit$$00000031)
    __rt_lib_init_signal_1                   0x08000201   Thumb Code     0  libinit2.o(.ARM.Collect$$libinit$$0000001B)
    __rt_lib_init_stdio_1                    0x08000201   Thumb Code     0  libinit2.o(.ARM.Collect$$libinit$$00000023)
    __rt_lib_shutdown                        0x08000203   Thumb Code     0  libshutdown.o(.ARM.Collect$$libshutdown$$00000000)
    __rt_lib_shutdown_fp_trap_1              0x08000205   Thumb Code     0  libshutdown2.o(.ARM.Collect$$libshutdown$$00000006)
    __rt_lib_shutdown_heap_1                 0x08000205   Thumb Code     0  libshutdown2.o(.ARM.Collect$$libshutdown$$0000000E)
    __rt_lib_shutdown_return                 0x08000205   Thumb Code     0  libshutdown2.o(.ARM.Collect$$libshutdown$$0000000F)
    __rt_lib_shutdown_signal_1               0x08000205   Thumb Code     0  libshutdown2.o(.ARM.Collect$$libshutdown$$00000009)
    __rt_lib_shutdown_stdio_1                0x08000205   Thumb Code     0  libshutdown2.o(.ARM.Collect$$libshutdown$$00000003)
    __rt_lib_shutdown_user_alloc_1           0x08000205   Thumb Code     0  libshutdown2.o(.ARM.Collect$$libshutdown$$0000000B)
    __rt_entry                               0x08000207   Thumb Code     0  rtentry.o(.ARM.Collect$$rtentry$$00000000)
    __rt_entry_presh_1                       0x08000207   Thumb Code     0  rtentry2.o(.ARM.Collect$$rtentry$$00000002)
    __rt_entry_sh                            0x08000207   Thumb Code     0  rtentry4.o(.ARM.Collect$$rtentry$$00000004)
    __rt_entry_li                            0x0800020d   Thumb Code     0  rtentry2.o(.ARM.Collect$$rtentry$$0000000A)
    __rt_entry_postsh_1                      0x0800020d   Thumb Code     0  rtentry2.o(.ARM.Collect$$rtentry$$00000009)
    __rt_entry_main                          0x08000211   Thumb Code     0  rtentry2.o(.ARM.Collect$$rtentry$$0000000D)
    __rt_entry_postli_1                      0x08000211   Thumb Code     0  rtentry2.o(.ARM.Collect$$rtentry$$0000000C)
    __rt_exit                                0x08000219   Thumb Code     0  rtexit.o(.ARM.Collect$$rtexit$$00000000)
    __rt_exit_ls                             0x0800021b   Thumb Code     0  rtexit2.o(.ARM.Collect$$rtexit$$00000003)
    __rt_exit_prels_1                        0x0800021b   Thumb Code     0  rtexit2.o(.ARM.Collect$$rtexit$$00000002)
    __rt_exit_exit                           0x0800021f   Thumb Code     0  rtexit2.o(.ARM.Collect$$rtexit$$00000004)
    main                                     0x08000225   Thumb Code    90  main.o(.text)
    NMI_Handler                              0x080002a1   Thumb Code     2  stm32f10x_it.o(.text)
    HardFault_Handler                        0x080002a3   Thumb Code     4  stm32f10x_it.o(.text)
    MemManage_Handler                        0x080002a7   Thumb Code     4  stm32f10x_it.o(.text)
    BusFault_Handler                         0x080002ab   Thumb Code     4  stm32f10x_it.o(.text)
    UsageFault_Handler                       0x080002af   Thumb Code     4  stm32f10x_it.o(.text)
    SVC_Handler                              0x080002b3   Thumb Code     2  stm32f10x_it.o(.text)
    DebugMon_Handler                         0x080002b5   Thumb Code     2  stm32f10x_it.o(.text)
    PendSV_Handler                           0x080002b7   Thumb Code     2  stm32f10x_it.o(.text)
    SysTick_Handler                          0x080002b9   Thumb Code     2  stm32f10x_it.o(.text)
    SystemInit                               0x0800039b   Thumb Code    78  system_stm32f10x.o(.text)
    SystemCoreClockUpdate                    0x080003e9   Thumb Code   142  system_stm32f10x.o(.text)
    delay_init                               0x0800049d   Thumb Code    50  delay.o(.text)
    delay_us                                 0x080004cf   Thumb Code    72  delay.o(.text)
    delay_ms                                 0x08000517   Thumb Code    72  delay.o(.text)
    _sys_exit                                0x08000571   Thumb Code     4  usart.o(.text)
    fputc                                    0x08000575   Thumb Code    24  usart.o(.text)
    uart_init                                0x0800058d   Thumb Code   152  usart.o(.text)
    USART1_IRQHandler                        0x08000625   Thumb Code   122  usart.o(.text)
    Reset_Handler                            0x080006b1   Thumb Code     8  startup_stm32f10x_hd.o(.text)
    ADC1_2_IRQHandler                        0x080006cb   Thumb Code     0  startup_stm32f10x_hd.o(.text)
    ADC3_IRQHandler                          0x080006cb   Thumb Code     0  startup_stm32f10x_hd.o(.text)
    CAN1_RX1_IRQHandler                      0x080006cb   Thumb Code     0  startup_stm32f10x_hd.o(.text)
    CAN1_SCE_IRQHandler                      0x080006cb   Thumb Code     0  startup_stm32f10x_hd.o(.text)
    DMA1_Channel1_IRQHandler                 0x080006cb   Thumb Code     0  startup_stm32f10x_hd.o(.text)
    DMA1_Channel2_IRQHandler                 0x080006cb   Thumb Code     0  startup_stm32f10x_hd.o(.text)
    DMA1_Channel3_IRQHandler                 0x080006cb   Thumb Code     0  startup_stm32f10x_hd.o(.text)
    DMA1_Channel4_IRQHandler                 0x080006cb   Thumb Code     0  startup_stm32f10x_hd.o(.text)
    DMA1_Channel5_IRQHandler                 0x080006cb   Thumb Code     0  startup_stm32f10x_hd.o(.text)
    DMA1_Channel6_IRQHandler                 0x080006cb   Thumb Code     0  startup_stm32f10x_hd.o(.text)
    DMA1_Channel7_IRQHandler                 0x080006cb   Thumb Code     0  startup_stm32f10x_hd.o(.text)
    DMA2_Channel1_IRQHandler                 0x080006cb   Thumb Code     0  startup_stm32f10x_hd.o(.text)
    DMA2_Channel2_IRQHandler                 0x080006cb   Thumb Code     0  startup_stm32f10x_hd.o(.text)
    DMA2_Channel3_IRQHandler                 0x080006cb   Thumb Code     0  startup_stm32f10x_hd.o(.text)
    DMA2_Channel4_5_IRQHandler               0x080006cb   Thumb Code     0  startup_stm32f10x_hd.o(.text)
    EXTI0_IRQHandler                         0x080006cb   Thumb Code     0  startup_stm32f10x_hd.o(.text)
    EXTI15_10_IRQHandler                     0x080006cb   Thumb Code     0  startup_stm32f10x_hd.o(.text)
    EXTI1_IRQHandler                         0x080006cb   Thumb Code     0  startup_stm32f10x_hd.o(.text)
    EXTI2_IRQHandler                         0x080006cb   Thumb Code     0  startup_stm32f10x_hd.o(.text)
    EXTI3_IRQHandler                         0x080006cb   Thumb Code     0  startup_stm32f10x_hd.o(.text)
    EXTI4_IRQHandler                         0x080006cb   Thumb Code     0  startup_stm32f10x_hd.o(.text)
    EXTI9_5_IRQHandler                       0x080006cb   Thumb Code     0  startup_stm32f10x_hd.o(.text)
    FLASH_IRQHandler                         0x080006cb   Thumb Code     0  startup_stm32f10x_hd.o(.text)
    FSMC_IRQHandler                          0x080006cb   Thumb Code     0  startup_stm32f10x_hd.o(.text)
    I2C1_ER_IRQHandler                       0x080006cb   Thumb Code     0  startup_stm32f10x_hd.o(.text)
    I2C1_EV_IRQHandler                       0x080006cb   Thumb Code     0  startup_stm32f10x_hd.o(.text)
    I2C2_ER_IRQHandler                       0x080006cb   Thumb Code     0  startup_stm32f10x_hd.o(.text)
    I2C2_EV_IRQHandler                       0x080006cb   Thumb Code     0  startup_stm32f10x_hd.o(.text)
    PVD_IRQHandler                           0x080006cb   Thumb Code     0  startup_stm32f10x_hd.o(.text)
    RCC_IRQHandler                           0x080006cb   Thumb Code     0  startup_stm32f10x_hd.o(.text)
    RTCAlarm_IRQHandler                      0x080006cb   Thumb Code     0  startup_stm32f10x_hd.o(.text)
    RTC_IRQHandler                           0x080006cb   Thumb Code     0  startup_stm32f10x_hd.o(.text)
    SDIO_IRQHandler                          0x080006cb   Thumb Code     0  startup_stm32f10x_hd.o(.text)
    SPI1_IRQHandler                          0x080006cb   Thumb Code     0  startup_stm32f10x_hd.o(.text)
    SPI2_IRQHandler                          0x080006cb   Thumb Code     0  startup_stm32f10x_hd.o(.text)
    SPI3_IRQHandler                          0x080006cb   Thumb Code     0  startup_stm32f10x_hd.o(.text)
    TAMPER_IRQHandler                        0x080006cb   Thumb Code     0  startup_stm32f10x_hd.o(.text)
    TIM1_BRK_IRQHandler                      0x080006cb   Thumb Code     0  startup_stm32f10x_hd.o(.text)
    TIM1_CC_IRQHandler                       0x080006cb   Thumb Code     0  startup_stm32f10x_hd.o(.text)
    TIM1_TRG_COM_IRQHandler                  0x080006cb   Thumb Code     0  startup_stm32f10x_hd.o(.text)
    TIM1_UP_IRQHandler                       0x080006cb   Thumb Code     0  startup_stm32f10x_hd.o(.text)
    TIM3_IRQHandler                          0x080006cb   Thumb Code     0  startup_stm32f10x_hd.o(.text)
    TIM4_IRQHandler                          0x080006cb   Thumb Code     0  startup_stm32f10x_hd.o(.text)
    TIM5_IRQHandler                          0x080006cb   Thumb Code     0  startup_stm32f10x_hd.o(.text)
    TIM6_IRQHandler                          0x080006cb   Thumb Code     0  startup_stm32f10x_hd.o(.text)
    TIM7_IRQHandler                          0x080006cb   Thumb Code     0  startup_stm32f10x_hd.o(.text)
    TIM8_BRK_IRQHandler                      0x080006cb   Thumb Code     0  startup_stm32f10x_hd.o(.text)
    TIM8_CC_IRQHandler                       0x080006cb   Thumb Code     0  startup_stm32f10x_hd.o(.text)
    TIM8_TRG_COM_IRQHandler                  0x080006cb   Thumb Code     0  startup_stm32f10x_hd.o(.text)
    TIM8_UP_IRQHandler                       0x080006cb   Thumb Code     0  startup_stm32f10x_hd.o(.text)
    UART4_IRQHandler                         0x080006cb   Thumb Code     0  startup_stm32f10x_hd.o(.text)
    UART5_IRQHandler                         0x080006cb   Thumb Code     0  startup_stm32f10x_hd.o(.text)
    USART2_IRQHandler                        0x080006cb   Thumb Code     0  startup_stm32f10x_hd.o(.text)
    USART3_IRQHandler                        0x080006cb   Thumb Code     0  startup_stm32f10x_hd.o(.text)
    USBWakeUp_IRQHandler                     0x080006cb   Thumb Code     0  startup_stm32f10x_hd.o(.text)
    USB_HP_CAN1_TX_IRQHandler                0x080006cb   Thumb Code     0  startup_stm32f10x_hd.o(.text)
    USB_LP_CAN1_RX0_IRQHandler               0x080006cb   Thumb Code     0  startup_stm32f10x_hd.o(.text)
    WWDG_IRQHandler                          0x080006cb   Thumb Code     0  startup_stm32f10x_hd.o(.text)
    __user_initial_stackheap                 0x080006cd   Thumb Code     0  startup_stm32f10x_hd.o(.text)
    NVIC_PriorityGroupConfig                 0x080006f1   Thumb Code    10  misc.o(.text)
    NVIC_Init                                0x080006fb   Thumb Code   100  misc.o(.text)
    NVIC_SetVectorTable                      0x0800075f   Thumb Code    14  misc.o(.text)
    NVIC_SystemLPConfig                      0x0800076d   Thumb Code    34  misc.o(.text)
    SysTick_CLKSourceConfig                  0x0800078f   Thumb Code    40  misc.o(.text)
    GPIO_DeInit                              0x080007cd   Thumb Code   172  stm32f10x_gpio.o(.text)
    GPIO_AFIODeInit                          0x08000879   Thumb Code    20  stm32f10x_gpio.o(.text)
    GPIO_Init                                0x0800088d   Thumb Code   278  stm32f10x_gpio.o(.text)
    GPIO_StructInit                          0x080009a3   Thumb Code    16  stm32f10x_gpio.o(.text)
    GPIO_ReadInputDataBit                    0x080009b3   Thumb Code    18  stm32f10x_gpio.o(.text)
    GPIO_ReadInputData                       0x080009c5   Thumb Code     8  stm32f10x_gpio.o(.text)
    GPIO_ReadOutputDataBit                   0x080009cd   Thumb Code    18  stm32f10x_gpio.o(.text)
    GPIO_ReadOutputData                      0x080009df   Thumb Code     8  stm32f10x_gpio.o(.text)
    GPIO_SetBits                             0x080009e7   Thumb Code     4  stm32f10x_gpio.o(.text)
    GPIO_ResetBits                           0x080009eb   Thumb Code     4  stm32f10x_gpio.o(.text)
    GPIO_WriteBit                            0x080009ef   Thumb Code    10  stm32f10x_gpio.o(.text)
    GPIO_Write                               0x080009f9   Thumb Code     4  stm32f10x_gpio.o(.text)
    GPIO_PinLockConfig                       0x080009fd   Thumb Code    18  stm32f10x_gpio.o(.text)
    GPIO_EventOutputConfig                   0x08000a0f   Thumb Code    26  stm32f10x_gpio.o(.text)
    GPIO_EventOutputCmd                      0x08000a29   Thumb Code     6  stm32f10x_gpio.o(.text)
    GPIO_PinRemapConfig                      0x08000a2f   Thumb Code   138  stm32f10x_gpio.o(.text)
    GPIO_EXTILineConfig                      0x08000ab9   Thumb Code    66  stm32f10x_gpio.o(.text)
    GPIO_ETH_MediaInterfaceConfig            0x08000afb   Thumb Code     8  stm32f10x_gpio.o(.text)
    RCC_DeInit                               0x08000b29   Thumb Code    64  stm32f10x_rcc.o(.text)
    RCC_HSEConfig                            0x08000b69   Thumb Code    70  stm32f10x_rcc.o(.text)
    RCC_GetFlagStatus                        0x08000baf   Thumb Code    56  stm32f10x_rcc.o(.text)
    RCC_WaitForHSEStartUp                    0x08000be7   Thumb Code    56  stm32f10x_rcc.o(.text)
    RCC_AdjustHSICalibrationValue            0x08000c1f   Thumb Code    20  stm32f10x_rcc.o(.text)
    RCC_HSICmd                               0x08000c33   Thumb Code     6  stm32f10x_rcc.o(.text)
    RCC_PLLConfig                            0x08000c39   Thumb Code    24  stm32f10x_rcc.o(.text)
    RCC_PLLCmd                               0x08000c51   Thumb Code     6  stm32f10x_rcc.o(.text)
    RCC_SYSCLKConfig                         0x08000c57   Thumb Code    18  stm32f10x_rcc.o(.text)
    RCC_GetSYSCLKSource                      0x08000c69   Thumb Code    10  stm32f10x_rcc.o(.text)
    RCC_HCLKConfig                           0x08000c73   Thumb Code    18  stm32f10x_rcc.o(.text)
    RCC_PCLK1Config                          0x08000c85   Thumb Code    18  stm32f10x_rcc.o(.text)
    RCC_PCLK2Config                          0x08000c97   Thumb Code    20  stm32f10x_rcc.o(.text)
    RCC_ITConfig                             0x08000cab   Thumb Code    26  stm32f10x_rcc.o(.text)
    RCC_USBCLKConfig                         0x08000cc5   Thumb Code     8  stm32f10x_rcc.o(.text)
    RCC_ADCCLKConfig                         0x08000ccd   Thumb Code    18  stm32f10x_rcc.o(.text)
    RCC_LSEConfig                            0x08000cdf   Thumb Code    50  stm32f10x_rcc.o(.text)
    RCC_LSICmd                               0x08000d11   Thumb Code     6  stm32f10x_rcc.o(.text)
    RCC_RTCCLKConfig                         0x08000d17   Thumb Code    12  stm32f10x_rcc.o(.text)
    RCC_RTCCLKCmd                            0x08000d23   Thumb Code     8  stm32f10x_rcc.o(.text)
    RCC_GetClocksFreq                        0x08000d2b   Thumb Code   192  stm32f10x_rcc.o(.text)
    RCC_AHBPeriphClockCmd                    0x08000deb   Thumb Code    26  stm32f10x_rcc.o(.text)
    RCC_APB2PeriphClockCmd                   0x08000e05   Thumb Code    26  stm32f10x_rcc.o(.text)
    RCC_APB1PeriphClockCmd                   0x08000e1f   Thumb Code    26  stm32f10x_rcc.o(.text)
    RCC_APB2PeriphResetCmd                   0x08000e39   Thumb Code    26  stm32f10x_rcc.o(.text)
    RCC_APB1PeriphResetCmd                   0x08000e53   Thumb Code    26  stm32f10x_rcc.o(.text)
    RCC_BackupResetCmd                       0x08000e6d   Thumb Code     8  stm32f10x_rcc.o(.text)
    RCC_ClockSecuritySystemCmd               0x08000e75   Thumb Code     6  stm32f10x_rcc.o(.text)
    RCC_MCOConfig                            0x08000e7b   Thumb Code     6  stm32f10x_rcc.o(.text)
    RCC_ClearFlag                            0x08000e81   Thumb Code    14  stm32f10x_rcc.o(.text)
    RCC_GetITStatus                          0x08000e8f   Thumb Code    20  stm32f10x_rcc.o(.text)
    RCC_ClearITPendingBit                    0x08000ea3   Thumb Code     6  stm32f10x_rcc.o(.text)
    TIM_DeInit                               0x08000ecd   Thumb Code   424  stm32f10x_tim.o(.text)
    TIM_TimeBaseInit                         0x08001075   Thumb Code   122  stm32f10x_tim.o(.text)
    TIM_OC1Init                              0x080010ef   Thumb Code   132  stm32f10x_tim.o(.text)
    TIM_OC2Init                              0x08001173   Thumb Code   154  stm32f10x_tim.o(.text)
    TIM_OC3Init                              0x0800120d   Thumb Code   150  stm32f10x_tim.o(.text)
    TIM_OC4Init                              0x080012a3   Thumb Code   182  stm32f10x_tim.o(.text)
    TIM_SetIC4Prescaler                      0x08001359   Thumb Code    26  stm32f10x_tim.o(.text)
    TIM_SetIC3Prescaler                      0x080013f5   Thumb Code    18  stm32f10x_tim.o(.text)
    TIM_SetIC2Prescaler                      0x08001481   Thumb Code    26  stm32f10x_tim.o(.text)
    TIM_SetIC1Prescaler                      0x0800151d   Thumb Code    18  stm32f10x_tim.o(.text)
    TIM_ICInit                               0x0800159b   Thumb Code   150  stm32f10x_tim.o(.text)
    TIM_PWMIConfig                           0x08001631   Thumb Code   124  stm32f10x_tim.o(.text)
    TIM_BDTRConfig                           0x080016ad   Thumb Code    32  stm32f10x_tim.o(.text)
    TIM_TimeBaseStructInit                   0x080016cd   Thumb Code    18  stm32f10x_tim.o(.text)
    TIM_OCStructInit                         0x080016df   Thumb Code    20  stm32f10x_tim.o(.text)
    TIM_ICStructInit                         0x080016f3   Thumb Code    18  stm32f10x_tim.o(.text)
    TIM_BDTRStructInit                       0x08001705   Thumb Code    40  stm32f10x_tim.o(.text)
    TIM_Cmd                                  0x0800172d   Thumb Code    24  stm32f10x_tim.o(.text)
    TIM_CtrlPWMOutputs                       0x08001745   Thumb Code    30  stm32f10x_tim.o(.text)
    TIM_ITConfig                             0x08001763   Thumb Code    18  stm32f10x_tim.o(.text)
    TIM_GenerateEvent                        0x08001775   Thumb Code     4  stm32f10x_tim.o(.text)
    TIM_DMAConfig                            0x08001779   Thumb Code    10  stm32f10x_tim.o(.text)
    TIM_DMACmd                               0x08001783   Thumb Code    18  stm32f10x_tim.o(.text)
    TIM_InternalClockConfig                  0x08001795   Thumb Code    12  stm32f10x_tim.o(.text)
    TIM_SelectInputTrigger                   0x080017a1   Thumb Code    18  stm32f10x_tim.o(.text)
    TIM_ITRxExternalClockConfig              0x080017b3   Thumb Code    24  stm32f10x_tim.o(.text)
    TIM_TIxExternalClockConfig               0x080017cb   Thumb Code    62  stm32f10x_tim.o(.text)
    TIM_ETRConfig                            0x08001809   Thumb Code    28  stm32f10x_tim.o(.text)
    TIM_ETRClockMode1Config                  0x08001825   Thumb Code    54  stm32f10x_tim.o(.text)
    TIM_ETRClockMode2Config                  0x0800185b   Thumb Code    32  stm32f10x_tim.o(.text)
    TIM_PrescalerConfig                      0x0800187b   Thumb Code     6  stm32f10x_tim.o(.text)
    TIM_CounterModeConfig                    0x08001881   Thumb Code    18  stm32f10x_tim.o(.text)
    TIM_EncoderInterfaceConfig               0x08001893   Thumb Code    66  stm32f10x_tim.o(.text)
    TIM_ForcedOC1Config                      0x080018d5   Thumb Code    18  stm32f10x_tim.o(.text)
    TIM_ForcedOC2Config                      0x080018e7   Thumb Code    26  stm32f10x_tim.o(.text)
    TIM_ForcedOC3Config                      0x08001901   Thumb Code    18  stm32f10x_tim.o(.text)
    TIM_ForcedOC4Config                      0x08001913   Thumb Code    26  stm32f10x_tim.o(.text)
    TIM_ARRPreloadConfig                     0x0800192d   Thumb Code    24  stm32f10x_tim.o(.text)
    TIM_SelectCOM                            0x08001945   Thumb Code    24  stm32f10x_tim.o(.text)
    TIM_SelectCCDMA                          0x0800195d   Thumb Code    24  stm32f10x_tim.o(.text)
    TIM_CCPreloadControl                     0x08001975   Thumb Code    24  stm32f10x_tim.o(.text)
    TIM_OC1PreloadConfig                     0x0800198d   Thumb Code    18  stm32f10x_tim.o(.text)
    TIM_OC2PreloadConfig                     0x0800199f   Thumb Code    26  stm32f10x_tim.o(.text)
    TIM_OC3PreloadConfig                     0x080019b9   Thumb Code    18  stm32f10x_tim.o(.text)
    TIM_OC4PreloadConfig                     0x080019cb   Thumb Code    26  stm32f10x_tim.o(.text)
    TIM_OC1FastConfig                        0x080019e5   Thumb Code    18  stm32f10x_tim.o(.text)
    TIM_OC2FastConfig                        0x080019f7   Thumb Code    26  stm32f10x_tim.o(.text)
    TIM_OC3FastConfig                        0x08001a11   Thumb Code    18  stm32f10x_tim.o(.text)
    TIM_OC4FastConfig                        0x08001a23   Thumb Code    26  stm32f10x_tim.o(.text)
    TIM_ClearOC1Ref                          0x08001a3d   Thumb Code    18  stm32f10x_tim.o(.text)
    TIM_ClearOC2Ref                          0x08001a4f   Thumb Code    24  stm32f10x_tim.o(.text)
    TIM_ClearOC3Ref                          0x08001a67   Thumb Code    18  stm32f10x_tim.o(.text)
    TIM_ClearOC4Ref                          0x08001a79   Thumb Code    24  stm32f10x_tim.o(.text)
    TIM_OC1PolarityConfig                    0x08001a91   Thumb Code    18  stm32f10x_tim.o(.text)
    TIM_OC1NPolarityConfig                   0x08001aa3   Thumb Code    18  stm32f10x_tim.o(.text)
    TIM_OC2PolarityConfig                    0x08001ab5   Thumb Code    26  stm32f10x_tim.o(.text)
    TIM_OC2NPolarityConfig                   0x08001acf   Thumb Code    26  stm32f10x_tim.o(.text)
    TIM_OC3PolarityConfig                    0x08001ae9   Thumb Code    26  stm32f10x_tim.o(.text)
    TIM_OC3NPolarityConfig                   0x08001b03   Thumb Code    26  stm32f10x_tim.o(.text)
    TIM_OC4PolarityConfig                    0x08001b1d   Thumb Code    26  stm32f10x_tim.o(.text)
    TIM_CCxCmd                               0x08001b37   Thumb Code    30  stm32f10x_tim.o(.text)
    TIM_CCxNCmd                              0x08001b55   Thumb Code    30  stm32f10x_tim.o(.text)
    TIM_SelectOCxM                           0x08001b73   Thumb Code    82  stm32f10x_tim.o(.text)
    TIM_UpdateDisableConfig                  0x08001bc5   Thumb Code    24  stm32f10x_tim.o(.text)
    TIM_UpdateRequestConfig                  0x08001bdd   Thumb Code    24  stm32f10x_tim.o(.text)
    TIM_SelectHallSensor                     0x08001bf5   Thumb Code    24  stm32f10x_tim.o(.text)
    TIM_SelectOnePulseMode                   0x08001c0d   Thumb Code    18  stm32f10x_tim.o(.text)
    TIM_SelectOutputTrigger                  0x08001c1f   Thumb Code    18  stm32f10x_tim.o(.text)
    TIM_SelectSlaveMode                      0x08001c31   Thumb Code    18  stm32f10x_tim.o(.text)
    TIM_SelectMasterSlaveMode                0x08001c43   Thumb Code    18  stm32f10x_tim.o(.text)
    TIM_SetCounter                           0x08001c55   Thumb Code     4  stm32f10x_tim.o(.text)
    TIM_SetAutoreload                        0x08001c59   Thumb Code     4  stm32f10x_tim.o(.text)
    TIM_SetCompare1                          0x08001c5d   Thumb Code     4  stm32f10x_tim.o(.text)
    TIM_SetCompare2                          0x08001c61   Thumb Code     4  stm32f10x_tim.o(.text)
    TIM_SetCompare3                          0x08001c65   Thumb Code     4  stm32f10x_tim.o(.text)
    TIM_SetCompare4                          0x08001c69   Thumb Code     6  stm32f10x_tim.o(.text)
    TIM_SetClockDivision                     0x08001c6f   Thumb Code    18  stm32f10x_tim.o(.text)
    TIM_GetCapture1                          0x08001c81   Thumb Code     6  stm32f10x_tim.o(.text)
    TIM_GetCapture2                          0x08001c87   Thumb Code     6  stm32f10x_tim.o(.text)
    TIM_GetCapture3                          0x08001c8d   Thumb Code     6  stm32f10x_tim.o(.text)
    TIM_GetCapture4                          0x08001c93   Thumb Code     8  stm32f10x_tim.o(.text)
    TIM_GetCounter                           0x08001c9b   Thumb Code     6  stm32f10x_tim.o(.text)
    TIM_GetPrescaler                         0x08001ca1   Thumb Code     6  stm32f10x_tim.o(.text)
    TIM_GetFlagStatus                        0x08001ca7   Thumb Code    18  stm32f10x_tim.o(.text)
    TIM_ClearFlag                            0x08001cb9   Thumb Code     6  stm32f10x_tim.o(.text)
    TIM_GetITStatus                          0x08001cbf   Thumb Code    34  stm32f10x_tim.o(.text)
    TIM_ClearITPendingBit                    0x08001ce1   Thumb Code     6  stm32f10x_tim.o(.text)
    USART_DeInit                             0x08001ce9   Thumb Code   134  stm32f10x_usart.o(.text)
    USART_Init                               0x08001d6f   Thumb Code   210  stm32f10x_usart.o(.text)
    USART_StructInit                         0x08001e41   Thumb Code    24  stm32f10x_usart.o(.text)
    USART_ClockInit                          0x08001e59   Thumb Code    34  stm32f10x_usart.o(.text)
    USART_ClockStructInit                    0x08001e7b   Thumb Code    12  stm32f10x_usart.o(.text)
    USART_Cmd                                0x08001e87   Thumb Code    24  stm32f10x_usart.o(.text)
    USART_ITConfig                           0x08001e9f   Thumb Code    74  stm32f10x_usart.o(.text)
    USART_DMACmd                             0x08001ee9   Thumb Code    18  stm32f10x_usart.o(.text)
    USART_SetAddress                         0x08001efb   Thumb Code    18  stm32f10x_usart.o(.text)
    USART_WakeUpConfig                       0x08001f0d   Thumb Code    18  stm32f10x_usart.o(.text)
    USART_ReceiverWakeUpCmd                  0x08001f1f   Thumb Code    24  stm32f10x_usart.o(.text)
    USART_LINBreakDetectLengthConfig         0x08001f37   Thumb Code    18  stm32f10x_usart.o(.text)
    USART_LINCmd                             0x08001f49   Thumb Code    24  stm32f10x_usart.o(.text)
    USART_SendData                           0x08001f61   Thumb Code     8  stm32f10x_usart.o(.text)
    USART_ReceiveData                        0x08001f69   Thumb Code    10  stm32f10x_usart.o(.text)
    USART_SendBreak                          0x08001f73   Thumb Code    10  stm32f10x_usart.o(.text)
    USART_SetGuardTime                       0x08001f7d   Thumb Code    16  stm32f10x_usart.o(.text)
    USART_SetPrescaler                       0x08001f8d   Thumb Code    16  stm32f10x_usart.o(.text)
    USART_SmartCardCmd                       0x08001f9d   Thumb Code    24  stm32f10x_usart.o(.text)
    USART_SmartCardNACKCmd                   0x08001fb5   Thumb Code    24  stm32f10x_usart.o(.text)
    USART_HalfDuplexCmd                      0x08001fcd   Thumb Code    24  stm32f10x_usart.o(.text)
    USART_OverSampling8Cmd                   0x08001fe5   Thumb Code    22  stm32f10x_usart.o(.text)
    USART_OneBitMethodCmd                    0x08001ffb   Thumb Code    24  stm32f10x_usart.o(.text)
    USART_IrDAConfig                         0x08002013   Thumb Code    18  stm32f10x_usart.o(.text)
    USART_IrDACmd                            0x08002025   Thumb Code    24  stm32f10x_usart.o(.text)
    USART_GetFlagStatus                      0x0800203d   Thumb Code    26  stm32f10x_usart.o(.text)
    USART_ClearFlag                          0x08002057   Thumb Code    18  stm32f10x_usart.o(.text)
    USART_GetITStatus                        0x08002069   Thumb Code    84  stm32f10x_usart.o(.text)
    USART_ClearITPendingBit                  0x080020bd   Thumb Code    52  stm32f10x_usart.o(.text)
    LED_Init                                 0x080020f1   Thumb Code    72  led.o(.text)
    HC_SR04_Init                             0x08002141   Thumb Code    58  hc_sr04.o(.text)
    Senor_Using                              0x0800217b   Thumb Code   182  hc_sr04.o(.text)
    TIM2_IRQHandler                          0x08002231   Thumb Code    32  hc_sr04.o(.text)
    Timer2_Init                              0x08002261   Thumb Code    96  timer.o(.text)
    OLED_WR_Byte                             0x080022c1   Thumb Code   120  oled.o(.text)
    OLED_Set_Pos                             0x08002339   Thumb Code    46  oled.o(.text)
    OLED_Display_On                          0x08002367   Thumb Code    28  oled.o(.text)
    OLED_Display_Off                         0x08002383   Thumb Code    28  oled.o(.text)
    OLED_Clear                               0x0800239f   Thumb Code    64  oled.o(.text)
    OLED_ShowChar                            0x080023df   Thumb Code   106  oled.o(.text)
    oled_pow                                 0x08002449   Thumb Code    22  oled.o(.text)
    OLED_ShowNum                             0x0800245f   Thumb Code   132  oled.o(.text)
    OLED_ShowString                          0x080024e3   Thumb Code    54  oled.o(.text)
    OLED_ShowCHinese                         0x08002519   Thumb Code    98  oled.o(.text)
    OLED_DrawBMP                             0x0800257b   Thumb Code   118  oled.o(.text)
    OLED_Init                                0x080025f1   Thumb Code   422  oled.o(.text)
    oled_show                                0x08002799   Thumb Code   130  show.o(.text)
    __use_no_semihosting                     0x08002835   Thumb Code     2  use_no_semi_2.o(.text)
    __2printf                                0x08002839   Thumb Code    20  noretval__2printf.o(.text)
    __printf                                 0x08002851   Thumb Code   270  __printf_wp.o(.text)
    __use_two_region_memory                  0x0800295f   Thumb Code     2  heapauxi.o(.text)
    __rt_heap_escrow$2region                 0x08002961   Thumb Code     2  heapauxi.o(.text)
    __rt_heap_expand$2region                 0x08002963   Thumb Code     2  heapauxi.o(.text)
    __I$use$semihosting                      0x08002965   Thumb Code     0  use_no_semi.o(.text)
    __use_no_semihosting_swi                 0x08002965   Thumb Code     2  use_no_semi.o(.text)
    __lib_sel_fp_printf                      0x08002967   Thumb Code     2  _printf_fp_dec.o(.text)
    _printf_fp_dec_real                      0x08002b15   Thumb Code   616  _printf_fp_dec.o(.text)
    _printf_char_file                        0x08002d7d   Thumb Code    32  _printf_char_file.o(.text)
    __rt_locale                              0x08002da1   Thumb Code     8  rt_locale_intlibspace.o(.text)
    _ll_udiv10                               0x08002da9   Thumb Code   138  lludiv10.o(.text)
    _printf_char_common                      0x08002e3f   Thumb Code    32  _printf_char_common.o(.text)
    _printf_fp_infnan                        0x08002e65   Thumb Code   112  _printf_fp_infnan.o(.text)
    _btod_etento                             0x08002ee5   Thumb Code   212  bigflt0.o(.text)
    ferror                                   0x08002fbd   Thumb Code     8  ferror.o(.text)
    __user_libspace                          0x08002fc5   Thumb Code     8  libspace.o(.text)
    __user_perproc_libspace                  0x08002fc5   Thumb Code     0  libspace.o(.text)
    __user_perthread_libspace                0x08002fc5   Thumb Code     0  libspace.o(.text)
    __user_setup_stackheap                   0x08002fcd   Thumb Code    74  sys_stackheap_outer.o(.text)
    exit                                     0x08003017   Thumb Code    12  exit.o(.text)
    strcmp                                   0x08003025   Thumb Code   128  strcmpv7m.o(.text)
    _btod_d2e                                0x080030a5   Thumb Code    62  btod.o(CL$$btod_d2e)
    _d2e_denorm_low                          0x080030e3   Thumb Code    70  btod.o(CL$$btod_d2e_denorm_low)
    _d2e_norm_op1                            0x08003129   Thumb Code    96  btod.o(CL$$btod_d2e_norm_op1)
    __btod_div_common                        0x08003189   Thumb Code   696  btod.o(CL$$btod_div_common)
    _e2e                                     0x080034c1   Thumb Code   198  btod.o(CL$$btod_e2e)
    _btod_ediv                               0x08003587   Thumb Code    40  btod.o(CL$$btod_ediv)
    _btod_emul                               0x080035af   Thumb Code    40  btod.o(CL$$btod_emul)
    __btod_mult_common                       0x080035d7   Thumb Code   580  btod.o(CL$$btod_mult_common)
    __ARM_fpclassify                         0x0800381b   Thumb Code    40  fpclassify.o(i.__ARM_fpclassify)
    _is_digit                                0x08003843   Thumb Code    14  __printf_wp.o(i._is_digit)
    _get_lc_numeric                          0x08003851   Thumb Code    44  lc_numeric_c.o(locale$$code)
    __aeabi_d2f                              0x0800387d   Thumb Code     0  d2f.o(x$fpl$d2f)
    _d2f                                     0x0800387d   Thumb Code    98  d2f.o(x$fpl$d2f)
    __aeabi_ddiv                             0x080038e1   Thumb Code     0  ddiv.o(x$fpl$ddiv)
    _ddiv                                    0x080038e1   Thumb Code   552  ddiv.o(x$fpl$ddiv)
    __aeabi_i2d                              0x08003b91   Thumb Code     0  dflt_clz.o(x$fpl$dflt)
    _dflt                                    0x08003b91   Thumb Code    46  dflt_clz.o(x$fpl$dflt)
    __fpl_dnaninf                            0x08003bbf   Thumb Code   156  dnaninf.o(x$fpl$dnaninf)
    __fpl_dretinf                            0x08003c5b   Thumb Code    12  dretinf.o(x$fpl$dretinf)
    __aeabi_f2d                              0x08003c69   Thumb Code     0  f2d.o(x$fpl$f2d)
    _f2d                                     0x08003c69   Thumb Code    86  f2d.o(x$fpl$f2d)
    __aeabi_fadd                             0x08003cc1   Thumb Code     0  faddsub_clz.o(x$fpl$fadd)
    _fadd                                    0x08003cc1   Thumb Code   196  faddsub_clz.o(x$fpl$fadd)
    __aeabi_fdiv                             0x08003d85   Thumb Code     0  fdiv.o(x$fpl$fdiv)
    _fdiv                                    0x08003d85   Thumb Code   384  fdiv.o(x$fpl$fdiv)
    __aeabi_f2iz                             0x08003f09   Thumb Code     0  ffix.o(x$fpl$ffix)
    _ffix                                    0x08003f09   Thumb Code    54  ffix.o(x$fpl$ffix)
    __aeabi_f2uiz                            0x08003f41   Thumb Code     0  ffixu.o(x$fpl$ffixu)
    _ffixu                                   0x08003f41   Thumb Code    62  ffixu.o(x$fpl$ffixu)
    __aeabi_i2f                              0x08003f81   Thumb Code     0  fflt_clz.o(x$fpl$fflt)
    _fflt                                    0x08003f81   Thumb Code    48  fflt_clz.o(x$fpl$fflt)
    __aeabi_fmul                             0x08003fb1   Thumb Code     0  fmul.o(x$fpl$fmul)
    _fmul                                    0x08003fb1   Thumb Code   258  fmul.o(x$fpl$fmul)
    __fpl_fnaninf                            0x080040b3   Thumb Code   140  fnaninf.o(x$fpl$fnaninf)
    __fpl_fretinf                            0x0800413f   Thumb Code    10  fretinf.o(x$fpl$fretinf)
    __aeabi_fsub                             0x08004149   Thumb Code     0  faddsub_clz.o(x$fpl$fsub)
    _fsub                                    0x08004149   Thumb Code   234  faddsub_clz.o(x$fpl$fsub)
    _printf_fp_dec                           0x08004233   Thumb Code     4  printf1.o(x$fpl$printf1)
    F6x8                                     0x08004236   Data         552  oled.o(.constdata)
    __I$use$fp                               0x08004236   Number         0  usenofp.o(x$fpl$usenofp)
    F8X16                                    0x0800445e   Data        1520  oled.o(.constdata)
    Region$$Table$$Base                      0x08004ae4   Number         0  anon$$obj.o(Region$$Table)
    Region$$Table$$Limit                     0x08004b04   Number         0  anon$$obj.o(Region$$Table)
    length                                   0x20000000   Data           4  main.o(.data)
    SystemCoreClock                          0x20000004   Data           4  system_stm32f10x.o(.data)
    AHBPrescTable                            0x20000008   Data          16  system_stm32f10x.o(.data)
    __stdout                                 0x2000001c   Data           4  usart.o(.data)
    USART_RX_STA                             0x20000020   Data           2  usart.o(.data)
    overcount                                0x20000036   Data           1  hc_sr04.o(.data)
    Hzk                                      0x20000037   Data         384  oled.o(.data)
    USART_RX_BUF                             0x200001b8   Data         200  usart.o(.bss)
    __libspace_start                         0x20000280   Data          96  libspace.o(.bss)
    __temporary_stack_top$libspace           0x200002e0   Data           0  libspace.o(.bss)



==============================================================================

Memory Map of the image

  Image Entry point : 0x08000131

  Load Region LR_IROM1 (Base: 0x08000000, Size: 0x00004cd8, Max: 0x00040000, ABSOLUTE, COMPRESSED[0x00004bc0])

    Execution Region ER_IROM1 (Base: 0x08000000, Size: 0x00004b20, Max: 0x00040000, ABSOLUTE)

    Base Addr    Size         Type   Attr      Idx    E Section Name        Object

    0x08000000   0x00000130   Data   RO          258    RESET               startup_stm32f10x_hd.o
    0x08000130   0x00000008   Code   RO          646  * !!!main             c_w.l(__main.o)
    0x08000138   0x00000034   Code   RO          907    !!!scatter          c_w.l(__scatter.o)
    0x0800016c   0x0000005a   Code   RO          905    !!dczerorl2         c_w.l(__dczerorl2.o)
    0x080001c6   0x00000002   PAD
    0x080001c8   0x0000001c   Code   RO          909    !!handler_zi        c_w.l(__scatter_zi.o)
    0x080001e4   0x00000000   Code   RO          643    .ARM.Collect$$_printf_percent$$00000000  c_w.l(_printf_percent.o)
    0x080001e4   0x00000006   Code   RO          642    .ARM.Collect$$_printf_percent$$00000003  c_w.l(_printf_f.o)
    0x080001ea   0x00000004   Code   RO          697    .ARM.Collect$$_printf_percent$$00000017  c_w.l(_printf_percent_end.o)
    0x080001ee   0x00000002   Code   RO          785    .ARM.Collect$$libinit$$00000000  c_w.l(libinit.o)
    0x080001f0   0x00000000   Code   RO          787    .ARM.Collect$$libinit$$00000002  c_w.l(libinit2.o)
    0x080001f0   0x00000000   Code   RO          790    .ARM.Collect$$libinit$$00000008  c_w.l(libinit2.o)
    0x080001f0   0x00000000   Code   RO          792    .ARM.Collect$$libinit$$0000000A  c_w.l(libinit2.o)
    0x080001f0   0x00000000   Code   RO          794    .ARM.Collect$$libinit$$0000000C  c_w.l(libinit2.o)
    0x080001f0   0x00000006   Code   RO          795    .ARM.Collect$$libinit$$0000000D  c_w.l(libinit2.o)
    0x080001f6   0x00000000   Code   RO          797    .ARM.Collect$$libinit$$0000000F  c_w.l(libinit2.o)
    0x080001f6   0x00000000   Code   RO          799    .ARM.Collect$$libinit$$00000011  c_w.l(libinit2.o)
    0x080001f6   0x00000000   Code   RO          801    .ARM.Collect$$libinit$$00000013  c_w.l(libinit2.o)
    0x080001f6   0x0000000a   Code   RO          802    .ARM.Collect$$libinit$$00000014  c_w.l(libinit2.o)
    0x08000200   0x00000000   Code   RO          803    .ARM.Collect$$libinit$$00000015  c_w.l(libinit2.o)
    0x08000200   0x00000000   Code   RO          805    .ARM.Collect$$libinit$$00000017  c_w.l(libinit2.o)
    0x08000200   0x00000000   Code   RO          807    .ARM.Collect$$libinit$$00000019  c_w.l(libinit2.o)
    0x08000200   0x00000000   Code   RO          809    .ARM.Collect$$libinit$$0000001B  c_w.l(libinit2.o)
    0x08000200   0x00000000   Code   RO          811    .ARM.Collect$$libinit$$0000001D  c_w.l(libinit2.o)
    0x08000200   0x00000000   Code   RO          813    .ARM.Collect$$libinit$$0000001F  c_w.l(libinit2.o)
    0x08000200   0x00000000   Code   RO          815    .ARM.Collect$$libinit$$00000021  c_w.l(libinit2.o)
    0x08000200   0x00000000   Code   RO          817    .ARM.Collect$$libinit$$00000023  c_w.l(libinit2.o)
    0x08000200   0x00000000   Code   RO          821    .ARM.Collect$$libinit$$0000002A  c_w.l(libinit2.o)
    0x08000200   0x00000000   Code   RO          823    .ARM.Collect$$libinit$$0000002C  c_w.l(libinit2.o)
    0x08000200   0x00000000   Code   RO          825    .ARM.Collect$$libinit$$0000002E  c_w.l(libinit2.o)
    0x08000200   0x00000000   Code   RO          827    .ARM.Collect$$libinit$$00000030  c_w.l(libinit2.o)
    0x08000200   0x00000002   Code   RO          828    .ARM.Collect$$libinit$$00000031  c_w.l(libinit2.o)
    0x08000202   0x00000002   Code   RO          856    .ARM.Collect$$libshutdown$$00000000  c_w.l(libshutdown.o)
    0x08000204   0x00000000   Code   RO          866    .ARM.Collect$$libshutdown$$00000003  c_w.l(libshutdown2.o)
    0x08000204   0x00000000   Code   RO          869    .ARM.Collect$$libshutdown$$00000006  c_w.l(libshutdown2.o)
    0x08000204   0x00000000   Code   RO          872    .ARM.Collect$$libshutdown$$00000009  c_w.l(libshutdown2.o)
    0x08000204   0x00000000   Code   RO          874    .ARM.Collect$$libshutdown$$0000000B  c_w.l(libshutdown2.o)
    0x08000204   0x00000000   Code   RO          877    .ARM.Collect$$libshutdown$$0000000E  c_w.l(libshutdown2.o)
    0x08000204   0x00000002   Code   RO          878    .ARM.Collect$$libshutdown$$0000000F  c_w.l(libshutdown2.o)
    0x08000206   0x00000000   Code   RO          692    .ARM.Collect$$rtentry$$00000000  c_w.l(rtentry.o)
    0x08000206   0x00000000   Code   RO          708    .ARM.Collect$$rtentry$$00000002  c_w.l(rtentry2.o)
    0x08000206   0x00000006   Code   RO          720    .ARM.Collect$$rtentry$$00000004  c_w.l(rtentry4.o)
    0x0800020c   0x00000000   Code   RO          710    .ARM.Collect$$rtentry$$00000009  c_w.l(rtentry2.o)
    0x0800020c   0x00000004   Code   RO          711    .ARM.Collect$$rtentry$$0000000A  c_w.l(rtentry2.o)
    0x08000210   0x00000000   Code   RO          713    .ARM.Collect$$rtentry$$0000000C  c_w.l(rtentry2.o)
    0x08000210   0x00000008   Code   RO          714    .ARM.Collect$$rtentry$$0000000D  c_w.l(rtentry2.o)
    0x08000218   0x00000002   Code   RO          829    .ARM.Collect$$rtexit$$00000000  c_w.l(rtexit.o)
    0x0800021a   0x00000000   Code   RO          836    .ARM.Collect$$rtexit$$00000002  c_w.l(rtexit2.o)
    0x0800021a   0x00000004   Code   RO          837    .ARM.Collect$$rtexit$$00000003  c_w.l(rtexit2.o)
    0x0800021e   0x00000006   Code   RO          838    .ARM.Collect$$rtexit$$00000004  c_w.l(rtexit2.o)
    0x08000224   0x0000007c   Code   RO            1    .text               main.o
    0x080002a0   0x0000001a   Code   RO          133    .text               stm32f10x_it.o
    0x080002ba   0x00000002   PAD
    0x080002bc   0x000001e0   Code   RO          174    .text               system_stm32f10x.o
    0x0800049c   0x000000d4   Code   RO          192    .text               delay.o
    0x08000570   0x00000140   Code   RO          223    .text               usart.o
    0x080006b0   0x00000040   Code   RO          259    .text               startup_stm32f10x_hd.o
    0x080006f0   0x000000dc   Code   RO          263    .text               misc.o
    0x080007cc   0x0000035c   Code   RO          407    .text               stm32f10x_gpio.o
    0x08000b28   0x000003a4   Code   RO          455    .text               stm32f10x_rcc.o
    0x08000ecc   0x00000e1a   Code   RO          505    .text               stm32f10x_tim.o
    0x08001ce6   0x00000002   PAD
    0x08001ce8   0x00000408   Code   RO          517    .text               stm32f10x_usart.o
    0x080020f0   0x00000050   Code   RO          541    .text               led.o
    0x08002140   0x00000120   Code   RO          553    .text               hc_sr04.o
    0x08002260   0x00000060   Code   RO          568    .text               timer.o
    0x080022c0   0x000004d6   Code   RO          580    .text               oled.o
    0x08002796   0x00000002   PAD
    0x08002798   0x0000009c   Code   RO          599    .text               show.o
    0x08002834   0x00000002   Code   RO          614    .text               c_w.l(use_no_semi_2.o)
    0x08002836   0x00000002   PAD
    0x08002838   0x00000018   Code   RO          618    .text               c_w.l(noretval__2printf.o)
    0x08002850   0x0000010e   Code   RO          630    .text               c_w.l(__printf_wp.o)
    0x0800295e   0x00000006   Code   RO          644    .text               c_w.l(heapauxi.o)
    0x08002964   0x00000002   Code   RO          690    .text               c_w.l(use_no_semi.o)
    0x08002966   0x00000416   Code   RO          693    .text               c_w.l(_printf_fp_dec.o)
    0x08002d7c   0x00000024   Code   RO          695    .text               c_w.l(_printf_char_file.o)
    0x08002da0   0x00000008   Code   RO          725    .text               c_w.l(rt_locale_intlibspace.o)
    0x08002da8   0x0000008a   Code   RO          727    .text               c_w.l(lludiv10.o)
    0x08002e32   0x00000002   PAD
    0x08002e34   0x00000030   Code   RO          729    .text               c_w.l(_printf_char_common.o)
    0x08002e64   0x00000080   Code   RO          731    .text               c_w.l(_printf_fp_infnan.o)
    0x08002ee4   0x000000d8   Code   RO          733    .text               c_w.l(bigflt0.o)
    0x08002fbc   0x00000008   Code   RO          758    .text               c_w.l(ferror.o)
    0x08002fc4   0x00000008   Code   RO          769    .text               c_w.l(libspace.o)
    0x08002fcc   0x0000004a   Code   RO          772    .text               c_w.l(sys_stackheap_outer.o)
    0x08003016   0x0000000c   Code   RO          776    .text               c_w.l(exit.o)
    0x08003022   0x00000002   PAD
    0x08003024   0x00000080   Code   RO          778    .text               c_w.l(strcmpv7m.o)
    0x080030a4   0x0000003e   Code   RO          736    CL$$btod_d2e        c_w.l(btod.o)
    0x080030e2   0x00000046   Code   RO          738    CL$$btod_d2e_denorm_low  c_w.l(btod.o)
    0x08003128   0x00000060   Code   RO          737    CL$$btod_d2e_norm_op1  c_w.l(btod.o)
    0x08003188   0x00000338   Code   RO          746    CL$$btod_div_common  c_w.l(btod.o)
    0x080034c0   0x000000c6   Code   RO          743    CL$$btod_e2e        c_w.l(btod.o)
    0x08003586   0x00000028   Code   RO          740    CL$$btod_ediv       c_w.l(btod.o)
    0x080035ae   0x00000028   Code   RO          739    CL$$btod_emul       c_w.l(btod.o)
    0x080035d6   0x00000244   Code   RO          745    CL$$btod_mult_common  c_w.l(btod.o)
    0x0800381a   0x00000028   Code   RO          767    i.__ARM_fpclassify  m_ws.l(fpclassify.o)
    0x08003842   0x0000000e   Code   RO          632    i._is_digit         c_w.l(__printf_wp.o)
    0x08003850   0x0000002c   Code   RO          763    locale$$code        c_w.l(lc_numeric_c.o)
    0x0800387c   0x00000062   Code   RO          648    x$fpl$d2f           fz_ws.l(d2f.o)
    0x080038de   0x00000002   PAD
    0x080038e0   0x000002b0   Code   RO          651    x$fpl$ddiv          fz_ws.l(ddiv.o)
    0x08003b90   0x0000002e   Code   RO          655    x$fpl$dflt          fz_ws.l(dflt_clz.o)
    0x08003bbe   0x0000009c   Code   RO          698    x$fpl$dnaninf       fz_ws.l(dnaninf.o)
    0x08003c5a   0x0000000c   Code   RO          700    x$fpl$dretinf       fz_ws.l(dretinf.o)
    0x08003c66   0x00000002   PAD
    0x08003c68   0x00000056   Code   RO          660    x$fpl$f2d           fz_ws.l(f2d.o)
    0x08003cbe   0x00000002   PAD
    0x08003cc0   0x000000c4   Code   RO          662    x$fpl$fadd          fz_ws.l(faddsub_clz.o)
    0x08003d84   0x00000184   Code   RO          669    x$fpl$fdiv          fz_ws.l(fdiv.o)
    0x08003f08   0x00000036   Code   RO          672    x$fpl$ffix          fz_ws.l(ffix.o)
    0x08003f3e   0x00000002   PAD
    0x08003f40   0x0000003e   Code   RO          676    x$fpl$ffixu         fz_ws.l(ffixu.o)
    0x08003f7e   0x00000002   PAD
    0x08003f80   0x00000030   Code   RO          681    x$fpl$fflt          fz_ws.l(fflt_clz.o)
    0x08003fb0   0x00000102   Code   RO          686    x$fpl$fmul          fz_ws.l(fmul.o)
    0x080040b2   0x0000008c   Code   RO          702    x$fpl$fnaninf       fz_ws.l(fnaninf.o)
    0x0800413e   0x0000000a   Code   RO          704    x$fpl$fretinf       fz_ws.l(fretinf.o)
    0x08004148   0x000000ea   Code   RO          664    x$fpl$fsub          fz_ws.l(faddsub_clz.o)
    0x08004232   0x00000004   Code   RO          688    x$fpl$printf1       fz_ws.l(printf1.o)
    0x08004236   0x00000000   Code   RO          706    x$fpl$usenofp       fz_ws.l(usenofp.o)
    0x08004236   0x00000818   Data   RO          581    .constdata          oled.o
    0x08004a4e   0x00000002   PAD
    0x08004a50   0x00000094   Data   RO          734    .constdata          c_w.l(bigflt0.o)
    0x08004ae4   0x00000020   Data   RO          903    Region$$Table       anon$$obj.o
    0x08004b04   0x0000001c   Data   RO          762    locale$$data        c_w.l(lc_numeric_c.o)


    Execution Region RW_IRAM1 (Base: 0x20000000, Size: 0x000008e0, Max: 0x0000c000, ABSOLUTE, COMPRESSED[0x000000a0])

    Base Addr    Size         Type   Attr      Idx    E Section Name        Object

    0x20000000   0x00000004   Data   RW            2    .data               main.o
    0x20000004   0x00000014   Data   RW          175    .data               system_stm32f10x.o
    0x20000018   0x00000004   Data   RW          193    .data               delay.o
    0x2000001c   0x00000006   Data   RW          225    .data               usart.o
    0x20000022   0x00000014   Data   RW          456    .data               stm32f10x_rcc.o
    0x20000036   0x00000001   Data   RW          554    .data               hc_sr04.o
    0x20000037   0x00000180   Data   RW          582    .data               oled.o
    0x200001b7   0x00000001   PAD
    0x200001b8   0x000000c8   Zero   RW          224    .bss                usart.o
    0x20000280   0x00000060   Zero   RW          770    .bss                c_w.l(libspace.o)
    0x200002e0   0x00000200   Zero   RW          257    HEAP                startup_stm32f10x_hd.o
    0x200004e0   0x00000400   Zero   RW          256    STACK               startup_stm32f10x_hd.o


==============================================================================

Image component sizes


      Code (inc. data)   RO Data    RW Data    ZI Data      Debug   Object Name

       212         18          0          4          0        991   delay.o
       288         16          0          1          0       1215   hc_sr04.o
        80          8          0          0          0        471   led.o
       124         34          0          4          0     253080   main.o
       220         22          0          0          0       1769   misc.o
      1238         20       2072        384          0       4485   oled.o
       156         26          0          0          0        508   show.o
        64         26        304          0       1536        788   startup_stm32f10x_hd.o
       860         38          0          0          0       5613   stm32f10x_gpio.o
        26          0          0          0          0       1166   stm32f10x_it.o
       932         36          0         20          0       8768   stm32f10x_rcc.o
      3610         88          0          0          0      22096   stm32f10x_tim.o
      1032         22          0          0          0       8340   stm32f10x_usart.o
         0          0          0          0          0         32   sys.o
       480         38          0         20          0       1695   system_stm32f10x.o
        96          0          0          0          0        602   timer.o
       320         18          0          6        200       3074   usart.o

    ----------------------------------------------------------------------
      9744        410       2410        440       1736     314693   Object Totals
         0          0         32          0          0          0   (incl. Generated)
         6          0          2          1          0          0   (incl. Padding)

    ----------------------------------------------------------------------

      Code (inc. data)   RO Data    RW Data    ZI Data      Debug   Library Member Name

        90          0          0          0          0          0   __dczerorl2.o
         8          0          0          0          0         68   __main.o
       284          0          0          0          0        156   __printf_wp.o
        52          8          0          0          0          0   __scatter.o
        28          0          0          0          0          0   __scatter_zi.o
        48          6          0          0          0         96   _printf_char_common.o
        36          4          0          0          0         80   _printf_char_file.o
         6          0          0          0          0          0   _printf_f.o
      1046          0          0          0          0        216   _printf_fp_dec.o
       128         16          0          0          0         84   _printf_fp_infnan.o
         0          0          0          0          0          0   _printf_percent.o
         4          0          0          0          0          0   _printf_percent_end.o
       216          4        148          0          0         96   bigflt0.o
      1910        128          0          0          0        672   btod.o
        12          0          0          0          0         72   exit.o
         8          0          0          0          0         68   ferror.o
         6          0          0          0          0        152   heapauxi.o
        44         10         28          0          0         76   lc_numeric_c.o
         2          0          0          0          0          0   libinit.o
        18          0          0          0          0          0   libinit2.o
         2          0          0          0          0          0   libshutdown.o
         2          0          0          0          0          0   libshutdown2.o
         8          4          0          0         96         68   libspace.o
       138          0          0          0          0         80   lludiv10.o
        24          4          0          0          0         84   noretval__2printf.o
         8          4          0          0          0         68   rt_locale_intlibspace.o
         0          0          0          0          0          0   rtentry.o
        12          0          0          0          0          0   rtentry2.o
         6          0          0          0          0          0   rtentry4.o
         2          0          0          0          0          0   rtexit.o
        10          0          0          0          0          0   rtexit2.o
       128          0          0          0          0         68   strcmpv7m.o
        74          0          0          0          0         80   sys_stackheap_outer.o
         2          0          0          0          0         68   use_no_semi.o
         2          0          0          0          0         68   use_no_semi_2.o
        98          4          0          0          0         92   d2f.o
       688        140          0          0          0        208   ddiv.o
        46          0          0          0          0         68   dflt_clz.o
       156          4          0          0          0         92   dnaninf.o
        12          0          0          0          0         68   dretinf.o
        86          4          0          0          0         84   f2d.o
       430          8          0          0          0        168   faddsub_clz.o
       388         76          0          0          0         96   fdiv.o
        54          4          0          0          0         84   ffix.o
        62          4          0          0          0         84   ffixu.o
        48          0          0          0          0         68   fflt_clz.o
       258          4          0          0          0         84   fmul.o
       140          4          0          0          0         84   fnaninf.o
        10          0          0          0          0         68   fretinf.o
         4          0          0          0          0         68   printf1.o
         0          0          0          0          0          0   usenofp.o
        40          0          0          0          0         68   fpclassify.o

    ----------------------------------------------------------------------
      6902        440        176          0         96       3904   Library Totals
        18          0          0          0          0          0   (incl. Padding)

    ----------------------------------------------------------------------

      Code (inc. data)   RO Data    RW Data    ZI Data      Debug   Library Name

      4364        188        176          0         96       2420   c_w.l
      2480        252          0          0          0       1416   fz_ws.l
        40          0          0          0          0         68   m_ws.l

    ----------------------------------------------------------------------
      6902        440        176          0         96       3904   Library Totals

    ----------------------------------------------------------------------

==============================================================================


      Code (inc. data)   RO Data    RW Data    ZI Data      Debug   

     16646        850       2586        440       1832     315317   Grand Totals
     16646        850       2586        160       1832     315317   ELF Image Totals (compressed)
     16646        850       2586        160          0          0   ROM Totals

==============================================================================

    Total RO  Size (Code + RO Data)                19232 (  18.78kB)
    Total RW  Size (RW Data + ZI Data)              2272 (   2.22kB)
    Total ROM Size (Code + RO Data + RW Data)      19392 (  18.94kB)

==============================================================================

